<?xml version="1.0" encoding="ISO-8859-1" ?>
<link_info>
   <banner>TI ARM Linker Unix v18.1.4.LTS</banner>
   <copyright>Copyright (c) 1996-2018 Texas Instruments Incorporated</copyright>
   <link_time>0x5cd9e60f</link_time>
   <link_errors>0x0</link_errors>
   <output_file>WIFIRelayBoard.out</output_file>
   <entry_point>
      <name>_c_int00_noargs</name>
      <address>0x1301</address>
   </entry_point>
   <input_file_list>
      <input_file id="fl-1">
         <path>./</path>
         <kind>object</kind>
         <file>analog_mgr.obj</file>
         <name>analog_mgr.obj</name>
      </input_file>
      <input_file id="fl-2">
         <path>./</path>
         <kind>object</kind>
         <file>io_mgr.obj</file>
         <name>io_mgr.obj</name>
      </input_file>
      <input_file id="fl-3">
         <path>./</path>
         <kind>object</kind>
         <file>main.obj</file>
         <name>main.obj</name>
      </input_file>
      <input_file id="fl-4">
         <path>./</path>
         <kind>object</kind>
         <file>relay_mgr.obj</file>
         <name>relay_mgr.obj</name>
      </input_file>
      <input_file id="fl-5">
         <path>./</path>
         <kind>object</kind>
         <file>sanitze_cfg.obj</file>
         <name>sanitze_cfg.obj</name>
      </input_file>
      <input_file id="fl-6">
         <path>./</path>
         <kind>object</kind>
         <file>tm4c123gh6pm_startup_ccs.obj</file>
         <name>tm4c123gh6pm_startup_ccs.obj</name>
      </input_file>
      <input_file id="fl-7">
         <path>./</path>
         <kind>object</kind>
         <file>uart_mgr.obj</file>
         <name>uart_mgr.obj</name>
      </input_file>
      <input_file id="fl-c">
         <kind>object</kind>
         <file>&lt;internal&gt;</file>
         <name>&lt;internal&gt;</name>
      </input_file>
      <input_file id="fl-c2">
         <path>/home/rufusy/ti/ccsv8/tools/compiler/ti-cgt-arm_18.1.4.LTS/lib/</path>
         <kind>archive</kind>
         <file>rtsv7M4_T_le_v4SPD16_eabi.lib</file>
         <name>copy_zero_init.c.obj</name>
      </input_file>
      <input_file id="fl-c3">
         <path>/home/rufusy/ti/ccsv8/tools/compiler/ti-cgt-arm_18.1.4.LTS/lib/</path>
         <kind>archive</kind>
         <file>rtsv7M4_T_le_v4SPD16_eabi.lib</file>
         <name>copy_decompress_none.c.obj</name>
      </input_file>
      <input_file id="fl-c4">
         <path>/home/rufusy/ti/ccsv8/tools/compiler/ti-cgt-arm_18.1.4.LTS/lib/</path>
         <kind>archive</kind>
         <file>rtsv7M4_T_le_v4SPD16_eabi.lib</file>
         <name>copy_decompress_lzss.c.obj</name>
      </input_file>
      <input_file id="fl-c5">
         <path>/home/rufusy/ti/ccsv8/tools/compiler/ti-cgt-arm_18.1.4.LTS/lib/</path>
         <kind>archive</kind>
         <file>rtsv7M4_T_le_v4SPD16_eabi.lib</file>
         <name>boot_cortex_m.c.obj</name>
      </input_file>
      <input_file id="fl-c6">
         <path>/home/rufusy/ti/ccsv8/tools/compiler/ti-cgt-arm_18.1.4.LTS/lib/</path>
         <kind>archive</kind>
         <file>rtsv7M4_T_le_v4SPD16_eabi.lib</file>
         <name>exit.c.obj</name>
      </input_file>
      <input_file id="fl-c7">
         <path>/home/rufusy/ti/ccsv8/tools/compiler/ti-cgt-arm_18.1.4.LTS/lib/</path>
         <kind>archive</kind>
         <file>rtsv7M4_T_le_v4SPD16_eabi.lib</file>
         <name>_lock.c.obj</name>
      </input_file>
      <input_file id="fl-c8">
         <path>/home/rufusy/ti/ccsv8/tools/compiler/ti-cgt-arm_18.1.4.LTS/lib/</path>
         <kind>archive</kind>
         <file>rtsv7M4_T_le_v4SPD16_eabi.lib</file>
         <name>args_main.c.obj</name>
      </input_file>
      <input_file id="fl-c9">
         <path>/home/rufusy/ti/ccsv8/tools/compiler/ti-cgt-arm_18.1.4.LTS/lib/</path>
         <kind>archive</kind>
         <file>rtsv7M4_T_le_v4SPD16_eabi.lib</file>
         <name>strcmp.c.obj</name>
      </input_file>
      <input_file id="fl-ca">
         <path>/home/rufusy/ti/ccsv8/tools/compiler/ti-cgt-arm_18.1.4.LTS/lib/</path>
         <kind>archive</kind>
         <file>rtsv7M4_T_le_v4SPD16_eabi.lib</file>
         <name>strcpy.c.obj</name>
      </input_file>
      <input_file id="fl-cb">
         <path>/home/rufusy/ti/ccsv8/tools/compiler/ti-cgt-arm_18.1.4.LTS/lib/</path>
         <kind>archive</kind>
         <file>rtsv7M4_T_le_v4SPD16_eabi.lib</file>
         <name>strlen.c.obj</name>
      </input_file>
      <input_file id="fl-cc">
         <path>/home/rufusy/ti/ccsv8/tools/compiler/ti-cgt-arm_18.1.4.LTS/lib/</path>
         <kind>archive</kind>
         <file>rtsv7M4_T_le_v4SPD16_eabi.lib</file>
         <name>memcpy_t2.asm.obj</name>
      </input_file>
      <input_file id="fl-cd">
         <path>/home/rufusy/ti/ccsv8/tools/compiler/ti-cgt-arm_18.1.4.LTS/lib/</path>
         <kind>archive</kind>
         <file>rtsv7M4_T_le_v4SPD16_eabi.lib</file>
         <name>memset_t2.asm.obj</name>
      </input_file>
      <input_file id="fl-ce">
         <path>/home/rufusy/ti/ccsv8/tools/compiler/ti-cgt-arm_18.1.4.LTS/lib/</path>
         <kind>archive</kind>
         <file>rtsv7M4_T_le_v4SPD16_eabi.lib</file>
         <name>autoinit.c.obj</name>
      </input_file>
      <input_file id="fl-cf">
         <path>/home/rufusy/ti/ccsv8/tools/compiler/ti-cgt-arm_18.1.4.LTS/lib/</path>
         <kind>archive</kind>
         <file>rtsv7M4_T_le_v4SPD16_eabi.lib</file>
         <name>pre_init.c.obj</name>
      </input_file>
      <input_file id="fl-d0">
         <path>/home/rufusy/ti/ccsv8/tools/compiler/ti-cgt-arm_18.1.4.LTS/lib/</path>
         <kind>archive</kind>
         <file>rtsv7M4_T_le_v4SPD16_eabi.lib</file>
         <name>cpy_tbl.c.obj</name>
      </input_file>
      <input_file id="fl-d1">
         <path>/home/rufusy/tiva_sw/driverlib/ccs/Debug/</path>
         <kind>archive</kind>
         <file>driverlib.lib</file>
         <name>adc.obj</name>
      </input_file>
      <input_file id="fl-d2">
         <path>/home/rufusy/tiva_sw/driverlib/ccs/Debug/</path>
         <kind>archive</kind>
         <file>driverlib.lib</file>
         <name>gpio.obj</name>
      </input_file>
      <input_file id="fl-d3">
         <path>/home/rufusy/tiva_sw/driverlib/ccs/Debug/</path>
         <kind>archive</kind>
         <file>driverlib.lib</file>
         <name>interrupt.obj</name>
      </input_file>
      <input_file id="fl-d4">
         <path>/home/rufusy/tiva_sw/driverlib/ccs/Debug/</path>
         <kind>archive</kind>
         <file>driverlib.lib</file>
         <name>sysctl.obj</name>
      </input_file>
      <input_file id="fl-d5">
         <path>/home/rufusy/tiva_sw/driverlib/ccs/Debug/</path>
         <kind>archive</kind>
         <file>driverlib.lib</file>
         <name>uart.obj</name>
      </input_file>
      <input_file id="fl-d6">
         <path>/home/rufusy/tiva_sw/driverlib/ccs/Debug/</path>
         <kind>archive</kind>
         <file>driverlib.lib</file>
         <name>cpu.obj</name>
      </input_file>
   </input_file_list>
   <object_component_list>
      <object_component id="oc-f">
         <name>.intvecs</name>
         <load_address>0x0</load_address>
         <run_address>0x0</run_address>
         <size>0x26c</size>
         <input_file_ref idref="fl-6"/>
      </object_component>
      <object_component id="oc-189">
         <name>.text</name>
         <load_address>0x26c</load_address>
         <run_address>0x26c</run_address>
         <size>0x2bc</size>
         <input_file_ref idref="fl-4"/>
      </object_component>
      <object_component id="oc-183">
         <name>.text</name>
         <load_address>0x528</load_address>
         <run_address>0x528</run_address>
         <size>0x254</size>
         <input_file_ref idref="fl-2"/>
      </object_component>
      <object_component id="oc-18f">
         <name>.text</name>
         <load_address>0x77c</load_address>
         <run_address>0x77c</run_address>
         <size>0x240</size>
         <input_file_ref idref="fl-1"/>
      </object_component>
      <object_component id="oc-2a">
         <name>.text</name>
         <load_address>0x9bc</load_address>
         <run_address>0x9bc</run_address>
         <size>0x1ac</size>
         <input_file_ref idref="fl-7"/>
      </object_component>
      <object_component id="oc-131">
         <name>.text:GPIOPadConfigSet</name>
         <load_address>0xb68</load_address>
         <run_address>0xb68</run_address>
         <size>0x132</size>
         <input_file_ref idref="fl-d2"/>
      </object_component>
      <object_component id="oc-83">
         <name>.text:SysCtlClockGet</name>
         <load_address>0xc9c</load_address>
         <run_address>0xc9c</run_address>
         <size>0x110</size>
         <input_file_ref idref="fl-d4"/>
      </object_component>
      <object_component id="oc-177">
         <name>.text:SysCtlClockSet</name>
         <load_address>0xdac</load_address>
         <run_address>0xdac</run_address>
         <size>0xf4</size>
         <input_file_ref idref="fl-d4"/>
      </object_component>
      <object_component id="oc-19b">
         <name>.text</name>
         <load_address>0xea0</load_address>
         <run_address>0xea0</run_address>
         <size>0xcc</size>
         <input_file_ref idref="fl-5"/>
      </object_component>
      <object_component id="oc-3e">
         <name>.text</name>
         <load_address>0xf6c</load_address>
         <run_address>0xf6c</run_address>
         <size>0x9c</size>
         <input_file_ref idref="fl-cc"/>
      </object_component>
      <object_component id="oc-10d">
         <name>.text</name>
         <load_address>0x1008</load_address>
         <run_address>0x1008</run_address>
         <size>0x88</size>
         <input_file_ref idref="fl-3"/>
      </object_component>
      <object_component id="oc-21d">
         <name>.text:ADCSequenceStepConfigure</name>
         <load_address>0x1090</load_address>
         <run_address>0x1090</run_address>
         <size>0x7a</size>
         <input_file_ref idref="fl-d1"/>
      </object_component>
      <object_component id="oc-95">
         <name>.text:IntEnable</name>
         <load_address>0x110c</load_address>
         <run_address>0x110c</run_address>
         <size>0x68</size>
         <input_file_ref idref="fl-d3"/>
      </object_component>
      <object_component id="oc-12">
         <name>.text:decompress:lzss:__TI_decompress_lzss</name>
         <load_address>0x1174</load_address>
         <run_address>0x1174</run_address>
         <size>0x68</size>
         <input_file_ref idref="fl-c4"/>
      </object_component>
      <object_component id="oc-217">
         <name>.text:ADCSequenceConfigure</name>
         <load_address>0x11dc</load_address>
         <run_address>0x11dc</run_address>
         <size>0x50</size>
         <input_file_ref idref="fl-d1"/>
      </object_component>
      <object_component id="oc-77">
         <name>.text:GPIOPinConfigure</name>
         <load_address>0x122c</load_address>
         <run_address>0x122c</run_address>
         <size>0x48</size>
         <input_file_ref idref="fl-d2"/>
      </object_component>
      <object_component id="oc-89">
         <name>.text:UARTConfigSetExpClk</name>
         <load_address>0x1274</load_address>
         <run_address>0x1274</run_address>
         <size>0x46</size>
         <input_file_ref idref="fl-d5"/>
      </object_component>
      <object_component id="oc-1ae">
         <name>.text:__TI_auto_init_nobinit_nopinit:__TI_auto_init_nobinit_nopinit</name>
         <load_address>0x12bc</load_address>
         <run_address>0x12bc</run_address>
         <size>0x44</size>
         <input_file_ref idref="fl-ce"/>
      </object_component>
      <object_component id="oc-5c">
         <name>.text:_c_int00_noargs:_c_int00_noargs</name>
         <load_address>0x1300</load_address>
         <run_address>0x1300</run_address>
         <size>0x38</size>
         <input_file_ref idref="fl-c5"/>
      </object_component>
      <object_component id="oc-71">
         <name>.text:SysCtlPeripheralEnable</name>
         <load_address>0x1338</load_address>
         <run_address>0x1338</run_address>
         <size>0x34</size>
         <input_file_ref idref="fl-d4"/>
      </object_component>
      <object_component id="oc-235">
         <name>.text:ADCIntStatus</name>
         <load_address>0x136c</load_address>
         <run_address>0x136c</run_address>
         <size>0x2e</size>
         <input_file_ref idref="fl-d1"/>
      </object_component>
      <object_component id="oc-12b">
         <name>.text:GPIODirModeSet</name>
         <load_address>0x139a</load_address>
         <run_address>0x139a</run_address>
         <size>0x2a</size>
         <input_file_ref idref="fl-d2"/>
      </object_component>
      <object_component id="oc-13c">
         <name>.text:UARTDisable</name>
         <load_address>0x13c4</load_address>
         <run_address>0x13c4</run_address>
         <size>0x20</size>
         <input_file_ref idref="fl-d5"/>
      </object_component>
      <object_component id="oc-24">
         <name>.text</name>
         <load_address>0x13e4</load_address>
         <run_address>0x13e4</run_address>
         <size>0x20</size>
         <input_file_ref idref="fl-6"/>
      </object_component>
      <object_component id="oc-23b">
         <name>.text:ADCSequenceDataGet</name>
         <load_address>0x1404</load_address>
         <run_address>0x1404</run_address>
         <size>0x1e</size>
         <input_file_ref idref="fl-d1"/>
      </object_component>
      <object_component id="oc-22f">
         <name>.text:ADCProcessorTrigger</name>
         <load_address>0x1422</load_address>
         <run_address>0x1422</run_address>
         <size>0x18</size>
         <input_file_ref idref="fl-d1"/>
      </object_component>
      <object_component id="oc-17d">
         <name>.text:GPIOPinTypeGPIOOutput</name>
         <load_address>0x143a</load_address>
         <run_address>0x143a</run_address>
         <size>0x18</size>
         <input_file_ref idref="fl-d2"/>
      </object_component>
      <object_component id="oc-204">
         <name>.text:strcmp</name>
         <load_address>0x1452</load_address>
         <run_address>0x1452</run_address>
         <size>0x18</size>
         <input_file_ref idref="fl-c9"/>
      </object_component>
      <object_component id="oc-142">
         <name>.text:UARTEnable</name>
         <load_address>0x146a</load_address>
         <run_address>0x146a</run_address>
         <size>0x14</size>
         <input_file_ref idref="fl-d5"/>
      </object_component>
      <object_component id="oc-250">
         <name>.text:strcpy</name>
         <load_address>0x147e</load_address>
         <run_address>0x147e</run_address>
         <size>0x14</size>
         <input_file_ref idref="fl-ca"/>
      </object_component>
      <object_component id="oc-a7">
         <name>.text:strlen</name>
         <load_address>0x1492</load_address>
         <run_address>0x1492</run_address>
         <size>0x14</size>
         <input_file_ref idref="fl-cb"/>
      </object_component>
      <object_component id="oc-211">
         <name>.text:GPIOPinTypeADC</name>
         <load_address>0x14a6</load_address>
         <run_address>0x14a6</run_address>
         <size>0x12</size>
         <input_file_ref idref="fl-d2"/>
      </object_component>
      <object_component id="oc-7d">
         <name>.text:GPIOPinTypeUART</name>
         <load_address>0x14b8</load_address>
         <run_address>0x14b8</run_address>
         <size>0x12</size>
         <input_file_ref idref="fl-d2"/>
      </object_component>
      <object_component id="oc-4a">
         <name>.text:decompress:ZI:__TI_zero_init_nomemset:__TI_zero_init_nomemset</name>
         <load_address>0x14ca</load_address>
         <run_address>0x14ca</run_address>
         <size>0x12</size>
         <input_file_ref idref="fl-c2"/>
      </object_component>
      <object_component id="oc-195">
         <name>.text:IntMasterEnable</name>
         <load_address>0x14dc</load_address>
         <run_address>0x14dc</run_address>
         <size>0x10</size>
         <input_file_ref idref="fl-d3"/>
      </object_component>
      <object_component id="oc-223">
         <name>.text:ADCSequenceEnable</name>
         <load_address>0x14ec</load_address>
         <run_address>0x14ec</run_address>
         <size>0xe</size>
         <input_file_ref idref="fl-d1"/>
      </object_component>
      <object_component id="oc-c5">
         <name>.text:UARTCharGetNonBlocking</name>
         <load_address>0x14fa</load_address>
         <run_address>0x14fa</run_address>
         <size>0xe</size>
         <input_file_ref idref="fl-d5"/>
      </object_component>
      <object_component id="oc-b3">
         <name>.text:UARTCharPutNonBlocking</name>
         <load_address>0x1508</load_address>
         <run_address>0x1508</run_address>
         <size>0xe</size>
         <input_file_ref idref="fl-d5"/>
      </object_component>
      <object_component id="oc-cb">
         <name>.text:UARTCharsAvail</name>
         <load_address>0x1516</load_address>
         <run_address>0x1516</run_address>
         <size>0xe</size>
         <input_file_ref idref="fl-d5"/>
      </object_component>
      <object_component id="oc-ad">
         <name>.text:UARTSpaceAvail</name>
         <load_address>0x1524</load_address>
         <run_address>0x1524</run_address>
         <size>0xe</size>
         <input_file_ref idref="fl-d5"/>
      </object_component>
      <object_component id="oc-18">
         <name>.text:decompress:none:__TI_decompress_none</name>
         <load_address>0x1532</load_address>
         <run_address>0x1532</run_address>
         <size>0xe</size>
         <input_file_ref idref="fl-c3"/>
      </object_component>
      <object_component id="oc-249">
         <name>.text:CPUcpsie</name>
         <load_address>0x1540</load_address>
         <run_address>0x1540</run_address>
         <size>0xc</size>
         <input_file_ref idref="fl-d6"/>
      </object_component>
      <object_component id="oc-229">
         <name>.text:ADCIntClear</name>
         <load_address>0x154c</load_address>
         <run_address>0x154c</run_address>
         <size>0xa</size>
         <input_file_ref idref="fl-d1"/>
      </object_component>
      <object_component id="oc-a1">
         <name>.text:UARTCharPut</name>
         <load_address>0x1556</load_address>
         <run_address>0x1556</run_address>
         <size>0xa</size>
         <input_file_ref idref="fl-d5"/>
      </object_component>
      <object_component id="oc-8f">
         <name>.text:UARTFIFODisable</name>
         <load_address>0x1560</load_address>
         <run_address>0x1560</run_address>
         <size>0xa</size>
         <input_file_ref idref="fl-d5"/>
      </object_component>
      <object_component id="oc-b9">
         <name>.text:UARTIntStatus</name>
         <load_address>0x156a</load_address>
         <run_address>0x156a</run_address>
         <size>0xa</size>
         <input_file_ref idref="fl-d5"/>
      </object_component>
      <object_component id="oc-9b">
         <name>.text:UARTIntEnable</name>
         <load_address>0x1574</load_address>
         <run_address>0x1574</run_address>
         <size>0x8</size>
         <input_file_ref idref="fl-d5"/>
      </object_component>
      <object_component id="oc-1fe">
         <name>.text:GPIOPinWrite</name>
         <load_address>0x157c</load_address>
         <run_address>0x157c</run_address>
         <size>0x6</size>
         <input_file_ref idref="fl-d2"/>
      </object_component>
      <object_component id="oc-1fb">
         <name>.text:SysCtlDelay</name>
         <load_address>0x1582</load_address>
         <run_address>0x1582</run_address>
         <size>0x6</size>
         <input_file_ref idref="fl-d4"/>
      </object_component>
      <object_component id="oc-bf">
         <name>.text:UARTIntClear</name>
         <load_address>0x1588</load_address>
         <run_address>0x1588</run_address>
         <size>0x4</size>
         <input_file_ref idref="fl-d5"/>
      </object_component>
      <object_component id="oc-107">
         <name>.text:_system_pre_init</name>
         <load_address>0x158c</load_address>
         <run_address>0x158c</run_address>
         <size>0x4</size>
         <input_file_ref idref="fl-cf"/>
      </object_component>
      <object_component id="oc-1a2">
         <name>.text:abort:abort</name>
         <load_address>0x1590</load_address>
         <run_address>0x1590</run_address>
         <size>0x4</size>
         <input_file_ref idref="fl-c6"/>
      </object_component>
      <object_component id="oc-126">
         <name>.const:g_pui32GPIOBaseAddrs</name>
         <load_address>0x1594</load_address>
         <run_address>0x1594</run_address>
         <size>0x90</size>
         <input_file_ref idref="fl-d2"/>
      </object_component>
      <object_component id="oc-14b">
         <name>.const</name>
         <load_address>0x1624</load_address>
         <run_address>0x1624</run_address>
         <size>0x70</size>
         <input_file_ref idref="fl-d3"/>
      </object_component>
      <object_component id="oc-138">
         <name>.const:g_pui32Xtals</name>
         <load_address>0x1694</load_address>
         <run_address>0x1694</run_address>
         <size>0x6c</size>
         <input_file_ref idref="fl-d4"/>
      </object_component>
      <object_component id="oc-2f8">
         <name>__TI_handler_table</name>
         <load_address>0x1700</load_address>
         <run_address>0x1700</run_address>
         <size>0xc</size>
      </object_component>
      <object_component id="oc-2fa">
         <name>.cinit..data.load</name>
         <load_address>0x170c</load_address>
         <run_address>0x170c</run_address>
         <size>0x9</size>
      </object_component>
      <object_component id="oc-2fb">
         <name>.cinit..bss.load</name>
         <load_address>0x1718</load_address>
         <run_address>0x1718</run_address>
         <size>0x8</size>
      </object_component>
      <object_component id="oc-2f9">
         <name>__TI_cinit_table</name>
         <load_address>0x1720</load_address>
         <run_address>0x1720</run_address>
         <size>0x10</size>
      </object_component>
      <object_component id="oc-241">
         <name>.data:adc_value</name>
         <load_address>0x200002ec</load_address>
         <run_address>0x200002ec</run_address>
         <size>0x10</size>
         <input_file_ref idref="fl-1"/>
      </object_component>
      <object_component id="oc-256">
         <name>.data:serial_in_cfg</name>
         <load_address>0x20000264</load_address>
         <run_address>0x20000264</run_address>
         <size>0x64</size>
         <input_file_ref idref="fl-5"/>
      </object_component>
      <object_component id="oc-20a">
         <name>.data:sanitize_serial_in_cfg</name>
         <load_address>0x20000200</load_address>
         <run_address>0x20000200</run_address>
         <size>0x64</size>
         <input_file_ref idref="fl-5"/>
      </object_component>
      <object_component id="oc-d1">
         <name>.data</name>
         <load_address>0x200002eb</load_address>
         <run_address>0x200002eb</run_address>
         <size>0x1</size>
         <input_file_ref idref="fl-7"/>
      </object_component>
      <object_component id="oc-d7">
         <name>.data:indata</name>
         <load_address>0x200002c8</load_address>
         <run_address>0x200002c8</run_address>
         <size>0x23</size>
         <input_file_ref idref="fl-7"/>
      </object_component>
      <object_component id="oc-247">
         <name>.common:lower_threshold</name>
         <uninitialized>true</uninitialized>
         <run_address>0x200002fc</run_address>
         <size>0x4</size>
      </object_component>
      <object_component id="oc-244">
         <name>.common:upper_threshold</name>
         <uninitialized>true</uninitialized>
         <run_address>0x20000300</run_address>
         <size>0x4</size>
      </object_component>
      <object_component id="oc-25d">
         <name>.common:i</name>
         <uninitialized>true</uninitialized>
         <run_address>0x20000305</run_address>
         <size>0x1</size>
      </object_component>
      <object_component id="oc-259">
         <name>.common:j</name>
         <uninitialized>true</uninitialized>
         <run_address>0x20000306</run_address>
         <size>0x1</size>
      </object_component>
      <object_component id="oc-25c">
         <name>.common:cnt</name>
         <uninitialized>true</uninitialized>
         <run_address>0x20000304</run_address>
         <size>0x1</size>
      </object_component>
      <object_component id="oc-d4">
         <name>.common:read_index</name>
         <uninitialized>true</uninitialized>
         <run_address>0x20000307</run_address>
         <size>0x1</size>
      </object_component>
      <object_component id="oc-21">
         <name>.stack</name>
         <uninitialized>true</uninitialized>
         <run_address>0x20000000</run_address>
         <size>0x4</size>
         <input_file_ref idref="fl-c5"/>
      </object_component>
      <object_component id="oc-2fc">
         <name>.stack</name>
         <uninitialized>true</uninitialized>
         <run_address>0x20000000</run_address>
         <size>0x0</size>
      </object_component>
      <object_component id="oc-16a">
         <name>.debug_info</name>
         <load_address>0x0</load_address>
         <run_address>0x0</run_address>
         <size>0x654</size>
         <input_file_ref idref="fl-1"/>
      </object_component>
      <object_component id="oc-242">
         <name>.debug_info</name>
         <load_address>0x654</load_address>
         <run_address>0x654</run_address>
         <size>0xda</size>
         <input_file_ref idref="fl-1"/>
      </object_component>
      <object_component id="oc-190">
         <name>.debug_info</name>
         <load_address>0x72e</load_address>
         <run_address>0x72e</run_address>
         <size>0x5d8</size>
         <input_file_ref idref="fl-1"/>
      </object_component>
      <object_component id="oc-e7">
         <name>.debug_info</name>
         <load_address>0xd06</load_address>
         <run_address>0xd06</run_address>
         <size>0x26b</size>
         <input_file_ref idref="fl-1"/>
      </object_component>
      <object_component id="oc-db">
         <name>.debug_info</name>
         <load_address>0xf71</load_address>
         <run_address>0xf71</run_address>
         <size>0x8b</size>
         <input_file_ref idref="fl-1"/>
      </object_component>
      <object_component id="oc-165">
         <name>.debug_info</name>
         <load_address>0xffc</load_address>
         <run_address>0xffc</run_address>
         <size>0x297</size>
         <input_file_ref idref="fl-1"/>
      </object_component>
      <object_component id="oc-e0">
         <name>.debug_info</name>
         <load_address>0x1293</load_address>
         <run_address>0x1293</run_address>
         <size>0xbb</size>
         <input_file_ref idref="fl-1"/>
      </object_component>
      <object_component id="oc-153">
         <name>.debug_info</name>
         <load_address>0x134e</load_address>
         <run_address>0x134e</run_address>
         <size>0x2c</size>
         <input_file_ref idref="fl-1"/>
      </object_component>
      <object_component id="oc-184">
         <name>.debug_info</name>
         <load_address>0x137a</load_address>
         <run_address>0x137a</run_address>
         <size>0x63a</size>
         <input_file_ref idref="fl-2"/>
      </object_component>
      <object_component id="oc-39">
         <name>.debug_info</name>
         <load_address>0x19b4</load_address>
         <run_address>0x19b4</run_address>
         <size>0x84</size>
         <input_file_ref idref="fl-2"/>
      </object_component>
      <object_component id="oc-245">
         <name>.debug_info</name>
         <load_address>0x1a38</load_address>
         <run_address>0x1a38</run_address>
         <size>0x533</size>
         <input_file_ref idref="fl-3"/>
      </object_component>
      <object_component id="oc-10e">
         <name>.debug_info</name>
         <load_address>0x1f6b</load_address>
         <run_address>0x1f6b</run_address>
         <size>0x2a2</size>
         <input_file_ref idref="fl-3"/>
      </object_component>
      <object_component id="oc-20f">
         <name>.debug_info</name>
         <load_address>0x220d</load_address>
         <run_address>0x220d</run_address>
         <size>0x3b0</size>
         <input_file_ref idref="fl-4"/>
      </object_component>
      <object_component id="oc-18a">
         <name>.debug_info</name>
         <load_address>0x25bd</load_address>
         <run_address>0x25bd</run_address>
         <size>0x748</size>
         <input_file_ref idref="fl-4"/>
      </object_component>
      <object_component id="oc-25a">
         <name>.debug_info</name>
         <load_address>0x2d05</load_address>
         <run_address>0x2d05</run_address>
         <size>0x3a1</size>
         <input_file_ref idref="fl-5"/>
      </object_component>
      <object_component id="oc-257">
         <name>.debug_info</name>
         <load_address>0x30a6</load_address>
         <run_address>0x30a6</run_address>
         <size>0xe3</size>
         <input_file_ref idref="fl-5"/>
      </object_component>
      <object_component id="oc-20b">
         <name>.debug_info</name>
         <load_address>0x3189</load_address>
         <run_address>0x3189</run_address>
         <size>0xf5</size>
         <input_file_ref idref="fl-5"/>
      </object_component>
      <object_component id="oc-19c">
         <name>.debug_info</name>
         <load_address>0x327e</load_address>
         <run_address>0x327e</run_address>
         <size>0x1f0</size>
         <input_file_ref idref="fl-5"/>
      </object_component>
      <object_component id="oc-32">
         <name>.debug_info</name>
         <load_address>0x346e</load_address>
         <run_address>0x346e</run_address>
         <size>0x2d3</size>
         <input_file_ref idref="fl-6"/>
      </object_component>
      <object_component id="oc-10">
         <name>.debug_info</name>
         <load_address>0x3741</load_address>
         <run_address>0x3741</run_address>
         <size>0xee</size>
         <input_file_ref idref="fl-6"/>
      </object_component>
      <object_component id="oc-25">
         <name>.debug_info</name>
         <load_address>0x382f</load_address>
         <run_address>0x382f</run_address>
         <size>0x289</size>
         <input_file_ref idref="fl-6"/>
      </object_component>
      <object_component id="oc-d5">
         <name>.debug_info</name>
         <load_address>0x3ab8</load_address>
         <run_address>0x3ab8</run_address>
         <size>0x5e0</size>
         <input_file_ref idref="fl-7"/>
      </object_component>
      <object_component id="oc-d2">
         <name>.debug_info</name>
         <load_address>0x4098</load_address>
         <run_address>0x4098</run_address>
         <size>0xd8</size>
         <input_file_ref idref="fl-7"/>
      </object_component>
      <object_component id="oc-d8">
         <name>.debug_info</name>
         <load_address>0x4170</load_address>
         <run_address>0x4170</run_address>
         <size>0xd2</size>
         <input_file_ref idref="fl-7"/>
      </object_component>
      <object_component id="oc-2b">
         <name>.debug_info</name>
         <load_address>0x4242</load_address>
         <run_address>0x4242</run_address>
         <size>0x4fc</size>
         <input_file_ref idref="fl-7"/>
      </object_component>
      <object_component id="oc-100">
         <name>.debug_info</name>
         <load_address>0x473e</load_address>
         <run_address>0x473e</run_address>
         <size>0x31e</size>
         <input_file_ref idref="fl-c2"/>
      </object_component>
      <object_component id="oc-4b">
         <name>.debug_info</name>
         <load_address>0x4a5c</load_address>
         <run_address>0x4a5c</run_address>
         <size>0x1bf</size>
         <input_file_ref idref="fl-c2"/>
      </object_component>
      <object_component id="oc-fb">
         <name>.debug_info</name>
         <load_address>0x4c1b</load_address>
         <run_address>0x4c1b</run_address>
         <size>0x46</size>
         <input_file_ref idref="fl-c2"/>
      </object_component>
      <object_component id="oc-49">
         <name>.debug_info</name>
         <load_address>0x4c61</load_address>
         <run_address>0x4c61</run_address>
         <size>0x2a8</size>
         <input_file_ref idref="fl-c3"/>
      </object_component>
      <object_component id="oc-19">
         <name>.debug_info</name>
         <load_address>0x4f09</load_address>
         <run_address>0x4f09</run_address>
         <size>0x1ea</size>
         <input_file_ref idref="fl-c3"/>
      </object_component>
      <object_component id="oc-44">
         <name>.debug_info</name>
         <load_address>0x50f3</load_address>
         <run_address>0x50f3</run_address>
         <size>0x46</size>
         <input_file_ref idref="fl-c3"/>
      </object_component>
      <object_component id="oc-f3">
         <name>.debug_info</name>
         <load_address>0x5139</load_address>
         <run_address>0x5139</run_address>
         <size>0x2c</size>
         <input_file_ref idref="fl-c3"/>
      </object_component>
      <object_component id="oc-f1">
         <name>.debug_info</name>
         <load_address>0x5165</load_address>
         <run_address>0x5165</run_address>
         <size>0x29e</size>
         <input_file_ref idref="fl-c4"/>
      </object_component>
      <object_component id="oc-13">
         <name>.debug_info</name>
         <load_address>0x5403</load_address>
         <run_address>0x5403</run_address>
         <size>0x250</size>
         <input_file_ref idref="fl-c4"/>
      </object_component>
      <object_component id="oc-34">
         <name>.debug_info</name>
         <load_address>0x5653</load_address>
         <run_address>0x5653</run_address>
         <size>0x60</size>
         <input_file_ref idref="fl-c4"/>
      </object_component>
      <object_component id="oc-16c">
         <name>.debug_info</name>
         <load_address>0x56b3</load_address>
         <run_address>0x56b3</run_address>
         <size>0x46</size>
         <input_file_ref idref="fl-c4"/>
      </object_component>
      <object_component id="oc-ec">
         <name>.debug_info</name>
         <load_address>0x56f9</load_address>
         <run_address>0x56f9</run_address>
         <size>0x39</size>
         <input_file_ref idref="fl-c4"/>
      </object_component>
      <object_component id="oc-22">
         <name>.debug_info</name>
         <load_address>0x5732</load_address>
         <run_address>0x5732</run_address>
         <size>0x10b</size>
         <input_file_ref idref="fl-c5"/>
      </object_component>
      <object_component id="oc-5d">
         <name>.debug_info</name>
         <load_address>0x583d</load_address>
         <run_address>0x583d</run_address>
         <size>0x1af</size>
         <input_file_ref idref="fl-c5"/>
      </object_component>
      <object_component id="oc-1a3">
         <name>.debug_info</name>
         <load_address>0x59ec</load_address>
         <run_address>0x59ec</run_address>
         <size>0x122</size>
         <input_file_ref idref="fl-c6"/>
      </object_component>
      <object_component id="oc-281">
         <name>.debug_info</name>
         <load_address>0x5b0e</load_address>
         <run_address>0x5b0e</run_address>
         <size>0x28a</size>
         <input_file_ref idref="fl-c9"/>
      </object_component>
      <object_component id="oc-205">
         <name>.debug_info</name>
         <load_address>0x5d98</load_address>
         <run_address>0x5d98</run_address>
         <size>0x279</size>
         <input_file_ref idref="fl-c9"/>
      </object_component>
      <object_component id="oc-296">
         <name>.debug_info</name>
         <load_address>0x6011</load_address>
         <run_address>0x6011</run_address>
         <size>0x2a4</size>
         <input_file_ref idref="fl-ca"/>
      </object_component>
      <object_component id="oc-251">
         <name>.debug_info</name>
         <load_address>0x62b5</load_address>
         <run_address>0x62b5</run_address>
         <size>0x252</size>
         <input_file_ref idref="fl-ca"/>
      </object_component>
      <object_component id="oc-158">
         <name>.debug_info</name>
         <load_address>0x6507</load_address>
         <run_address>0x6507</run_address>
         <size>0x28f</size>
         <input_file_ref idref="fl-cb"/>
      </object_component>
      <object_component id="oc-a8">
         <name>.debug_info</name>
         <load_address>0x6796</load_address>
         <run_address>0x6796</run_address>
         <size>0x24b</size>
         <input_file_ref idref="fl-cb"/>
      </object_component>
      <object_component id="oc-3f">
         <name>.debug_info</name>
         <load_address>0x69e1</load_address>
         <run_address>0x69e1</run_address>
         <size>0x11c</size>
         <input_file_ref idref="fl-cc"/>
      </object_component>
      <object_component id="oc-26a">
         <name>.debug_info</name>
         <load_address>0x6afd</load_address>
         <run_address>0x6afd</run_address>
         <size>0x552</size>
         <input_file_ref idref="fl-ce"/>
      </object_component>
      <object_component id="oc-1af">
         <name>.debug_info</name>
         <load_address>0x704f</load_address>
         <run_address>0x704f</run_address>
         <size>0x1a6</size>
         <input_file_ref idref="fl-ce"/>
      </object_component>
      <object_component id="oc-2ab">
         <name>.debug_info</name>
         <load_address>0x71f5</load_address>
         <run_address>0x71f5</run_address>
         <size>0x39</size>
         <input_file_ref idref="fl-ce"/>
      </object_component>
      <object_component id="oc-2c5">
         <name>.debug_info</name>
         <load_address>0x722e</load_address>
         <run_address>0x722e</run_address>
         <size>0x39</size>
         <input_file_ref idref="fl-ce"/>
      </object_component>
      <object_component id="oc-2b0">
         <name>.debug_info</name>
         <load_address>0x7267</load_address>
         <run_address>0x7267</run_address>
         <size>0x39</size>
         <input_file_ref idref="fl-ce"/>
      </object_component>
      <object_component id="oc-2b5">
         <name>.debug_info</name>
         <load_address>0x72a0</load_address>
         <run_address>0x72a0</run_address>
         <size>0xcd</size>
         <input_file_ref idref="fl-ce"/>
      </object_component>
      <object_component id="oc-108">
         <name>.debug_info</name>
         <load_address>0x736d</load_address>
         <run_address>0x736d</run_address>
         <size>0x153</size>
         <input_file_ref idref="fl-cf"/>
      </object_component>
      <object_component id="oc-288">
         <name>.debug_info</name>
         <load_address>0x74c0</load_address>
         <run_address>0x74c0</run_address>
         <size>0x24d</size>
         <input_file_ref idref="fl-d1"/>
      </object_component>
      <object_component id="oc-21e">
         <name>.debug_info</name>
         <load_address>0x770d</load_address>
         <run_address>0x770d</run_address>
         <size>0x333</size>
         <input_file_ref idref="fl-d1"/>
      </object_component>
      <object_component id="oc-224">
         <name>.debug_info</name>
         <load_address>0x7a40</load_address>
         <run_address>0x7a40</run_address>
         <size>0x2a0</size>
         <input_file_ref idref="fl-d1"/>
      </object_component>
      <object_component id="oc-23c">
         <name>.debug_info</name>
         <load_address>0x7ce0</load_address>
         <run_address>0x7ce0</run_address>
         <size>0x2ff</size>
         <input_file_ref idref="fl-d1"/>
      </object_component>
      <object_component id="oc-218">
         <name>.debug_info</name>
         <load_address>0x7fdf</load_address>
         <run_address>0x7fdf</run_address>
         <size>0x326</size>
         <input_file_ref idref="fl-d1"/>
      </object_component>
      <object_component id="oc-230">
         <name>.debug_info</name>
         <load_address>0x8305</load_address>
         <run_address>0x8305</run_address>
         <size>0x2a4</size>
         <input_file_ref idref="fl-d1"/>
      </object_component>
      <object_component id="oc-236">
         <name>.debug_info</name>
         <load_address>0x85a9</load_address>
         <run_address>0x85a9</run_address>
         <size>0x2e7</size>
         <input_file_ref idref="fl-d1"/>
      </object_component>
      <object_component id="oc-22a">
         <name>.debug_info</name>
         <load_address>0x8890</load_address>
         <run_address>0x8890</run_address>
         <size>0x294</size>
         <input_file_ref idref="fl-d1"/>
      </object_component>
      <object_component id="oc-120">
         <name>.debug_info</name>
         <load_address>0x8b24</load_address>
         <run_address>0x8b24</run_address>
         <size>0x18b</size>
         <input_file_ref idref="fl-d1"/>
      </object_component>
      <object_component id="oc-12a">
         <name>.debug_info</name>
         <load_address>0x8caf</load_address>
         <run_address>0x8caf</run_address>
         <size>0x240</size>
         <input_file_ref idref="fl-d2"/>
      </object_component>
      <object_component id="oc-127">
         <name>.debug_info</name>
         <load_address>0x8eef</load_address>
         <run_address>0x8eef</run_address>
         <size>0x15b</size>
         <input_file_ref idref="fl-d2"/>
      </object_component>
      <object_component id="oc-200">
         <name>.debug_info</name>
         <load_address>0x904a</load_address>
         <run_address>0x904a</run_address>
         <size>0x2a3</size>
         <input_file_ref idref="fl-d2"/>
      </object_component>
      <object_component id="oc-12d">
         <name>.debug_info</name>
         <load_address>0x92ed</load_address>
         <run_address>0x92ed</run_address>
         <size>0x2b3</size>
         <input_file_ref idref="fl-d2"/>
      </object_component>
      <object_component id="oc-133">
         <name>.debug_info</name>
         <load_address>0x95a0</load_address>
         <run_address>0x95a0</run_address>
         <size>0x316</size>
         <input_file_ref idref="fl-d2"/>
      </object_component>
      <object_component id="oc-7e">
         <name>.debug_info</name>
         <load_address>0x98b6</load_address>
         <run_address>0x98b6</run_address>
         <size>0x27b</size>
         <input_file_ref idref="fl-d2"/>
      </object_component>
      <object_component id="oc-17e">
         <name>.debug_info</name>
         <load_address>0x9b31</load_address>
         <run_address>0x9b31</run_address>
         <size>0x2b7</size>
         <input_file_ref idref="fl-d2"/>
      </object_component>
      <object_component id="oc-214">
         <name>.debug_info</name>
         <load_address>0x9de8</load_address>
         <run_address>0x9de8</run_address>
         <size>0x279</size>
         <input_file_ref idref="fl-d2"/>
      </object_component>
      <object_component id="oc-7a">
         <name>.debug_info</name>
         <load_address>0xa061</load_address>
         <run_address>0xa061</run_address>
         <size>0x280</size>
         <input_file_ref idref="fl-d2"/>
      </object_component>
      <object_component id="oc-14f">
         <name>.debug_info</name>
         <load_address>0xa2e1</load_address>
         <run_address>0xa2e1</run_address>
         <size>0x20e</size>
         <input_file_ref idref="fl-d3"/>
      </object_component>
      <object_component id="oc-14c">
         <name>.debug_info</name>
         <load_address>0xa4ef</load_address>
         <run_address>0xa4ef</run_address>
         <size>0x210</size>
         <input_file_ref idref="fl-d3"/>
      </object_component>
      <object_component id="oc-196">
         <name>.debug_info</name>
         <load_address>0xa6ff</load_address>
         <run_address>0xa6ff</run_address>
         <size>0x23e</size>
         <input_file_ref idref="fl-d3"/>
      </object_component>
      <object_component id="oc-96">
         <name>.debug_info</name>
         <load_address>0xa93d</load_address>
         <run_address>0xa93d</run_address>
         <size>0x268</size>
         <input_file_ref idref="fl-d3"/>
      </object_component>
      <object_component id="oc-125">
         <name>.debug_info</name>
         <load_address>0xaba5</load_address>
         <run_address>0xaba5</run_address>
         <size>0x298</size>
         <input_file_ref idref="fl-d4"/>
      </object_component>
      <object_component id="oc-139">
         <name>.debug_info</name>
         <load_address>0xae3d</load_address>
         <run_address>0xae3d</run_address>
         <size>0x14d</size>
         <input_file_ref idref="fl-d4"/>
      </object_component>
      <object_component id="oc-72">
         <name>.debug_info</name>
         <load_address>0xaf8a</load_address>
         <run_address>0xaf8a</run_address>
         <size>0x27d</size>
         <input_file_ref idref="fl-d4"/>
      </object_component>
      <object_component id="oc-178">
         <name>.debug_info</name>
         <load_address>0xb207</load_address>
         <run_address>0xb207</run_address>
         <size>0x2db</size>
         <input_file_ref idref="fl-d4"/>
      </object_component>
      <object_component id="oc-84">
         <name>.debug_info</name>
         <load_address>0xb4e2</load_address>
         <run_address>0xb4e2</run_address>
         <size>0x2b5</size>
         <input_file_ref idref="fl-d4"/>
      </object_component>
      <object_component id="oc-1e2">
         <name>.debug_info</name>
         <load_address>0xb797</load_address>
         <run_address>0xb797</run_address>
         <size>0x5f</size>
         <input_file_ref idref="fl-d4"/>
      </object_component>
      <object_component id="oc-149">
         <name>.debug_info</name>
         <load_address>0xb7f6</load_address>
         <run_address>0xb7f6</run_address>
         <size>0x227</size>
         <input_file_ref idref="fl-d5"/>
      </object_component>
      <object_component id="oc-ae">
         <name>.debug_info</name>
         <load_address>0xba1d</load_address>
         <run_address>0xba1d</run_address>
         <size>0x253</size>
         <input_file_ref idref="fl-d5"/>
      </object_component>
      <object_component id="oc-ba">
         <name>.debug_info</name>
         <load_address>0xbc70</load_address>
         <run_address>0xbc70</run_address>
         <size>0x27f</size>
         <input_file_ref idref="fl-d5"/>
      </object_component>
      <object_component id="oc-9c">
         <name>.debug_info</name>
         <load_address>0xbeef</load_address>
         <run_address>0xbeef</run_address>
         <size>0x28f</size>
         <input_file_ref idref="fl-d5"/>
      </object_component>
      <object_component id="oc-c0">
         <name>.debug_info</name>
         <load_address>0xc17e</load_address>
         <run_address>0xc17e</run_address>
         <size>0x28d</size>
         <input_file_ref idref="fl-d5"/>
      </object_component>
      <object_component id="oc-90">
         <name>.debug_info</name>
         <load_address>0xc40b</load_address>
         <run_address>0xc40b</run_address>
         <size>0x251</size>
         <input_file_ref idref="fl-d5"/>
      </object_component>
      <object_component id="oc-143">
         <name>.debug_info</name>
         <load_address>0xc65c</load_address>
         <run_address>0xc65c</run_address>
         <size>0x247</size>
         <input_file_ref idref="fl-d5"/>
      </object_component>
      <object_component id="oc-13d">
         <name>.debug_info</name>
         <load_address>0xc8a3</load_address>
         <run_address>0xc8a3</run_address>
         <size>0x249</size>
         <input_file_ref idref="fl-d5"/>
      </object_component>
      <object_component id="oc-8a">
         <name>.debug_info</name>
         <load_address>0xcaec</load_address>
         <run_address>0xcaec</run_address>
         <size>0x326</size>
         <input_file_ref idref="fl-d5"/>
      </object_component>
      <object_component id="oc-cc">
         <name>.debug_info</name>
         <load_address>0xce12</load_address>
         <run_address>0xce12</run_address>
         <size>0x253</size>
         <input_file_ref idref="fl-d5"/>
      </object_component>
      <object_component id="oc-b4">
         <name>.debug_info</name>
         <load_address>0xd065</load_address>
         <run_address>0xd065</run_address>
         <size>0x28d</size>
         <input_file_ref idref="fl-d5"/>
      </object_component>
      <object_component id="oc-a2">
         <name>.debug_info</name>
         <load_address>0xd2f2</load_address>
         <run_address>0xd2f2</run_address>
         <size>0x273</size>
         <input_file_ref idref="fl-d5"/>
      </object_component>
      <object_component id="oc-c6">
         <name>.debug_info</name>
         <load_address>0xd565</load_address>
         <run_address>0xd565</run_address>
         <size>0x263</size>
         <input_file_ref idref="fl-d5"/>
      </object_component>
      <object_component id="oc-24a">
         <name>.debug_info</name>
         <load_address>0xd7c8</load_address>
         <run_address>0xd7c8</run_address>
         <size>0x212</size>
         <input_file_ref idref="fl-d6"/>
      </object_component>
      <object_component id="oc-2fd">
         <name>.debug_info</name>
         <load_address>0xd9da</load_address>
         <run_address>0xd9da</run_address>
         <size>0xa4</size>
      </object_component>
      <object_component id="oc-1fa">
         <name>.debug_line</name>
         <load_address>0x0</load_address>
         <run_address>0x0</run_address>
         <size>0x125</size>
         <input_file_ref idref="fl-1"/>
      </object_component>
      <object_component id="oc-291">
         <name>.debug_line</name>
         <load_address>0x125</load_address>
         <run_address>0x125</run_address>
         <size>0x33</size>
         <input_file_ref idref="fl-1"/>
      </object_component>
      <object_component id="oc-193">
         <name>.debug_line</name>
         <load_address>0x158</load_address>
         <run_address>0x158</run_address>
         <size>0x158</size>
         <input_file_ref idref="fl-1"/>
      </object_component>
      <object_component id="oc-ea">
         <name>.debug_line</name>
         <load_address>0x2b0</load_address>
         <run_address>0x2b0</run_address>
         <size>0x73</size>
         <input_file_ref idref="fl-1"/>
      </object_component>
      <object_component id="oc-de">
         <name>.debug_line</name>
         <load_address>0x323</load_address>
         <run_address>0x323</run_address>
         <size>0x20</size>
         <input_file_ref idref="fl-1"/>
      </object_component>
      <object_component id="oc-168">
         <name>.debug_line</name>
         <load_address>0x343</load_address>
         <run_address>0x343</run_address>
         <size>0x77</size>
         <input_file_ref idref="fl-1"/>
      </object_component>
      <object_component id="oc-e3">
         <name>.debug_line</name>
         <load_address>0x3ba</load_address>
         <run_address>0x3ba</run_address>
         <size>0x74</size>
         <input_file_ref idref="fl-1"/>
      </object_component>
      <object_component id="oc-156">
         <name>.debug_line</name>
         <load_address>0x42e</load_address>
         <run_address>0x42e</run_address>
         <size>0x6f</size>
         <input_file_ref idref="fl-1"/>
      </object_component>
      <object_component id="oc-187">
         <name>.debug_line</name>
         <load_address>0x49d</load_address>
         <run_address>0x49d</run_address>
         <size>0x13c</size>
         <input_file_ref idref="fl-2"/>
      </object_component>
      <object_component id="oc-3c">
         <name>.debug_line</name>
         <load_address>0x5d9</load_address>
         <run_address>0x5d9</run_address>
         <size>0x20</size>
         <input_file_ref idref="fl-2"/>
      </object_component>
      <object_component id="oc-293">
         <name>.debug_line</name>
         <load_address>0x5f9</load_address>
         <run_address>0x5f9</run_address>
         <size>0xfc</size>
         <input_file_ref idref="fl-3"/>
      </object_component>
      <object_component id="oc-111">
         <name>.debug_line</name>
         <load_address>0x6f5</load_address>
         <run_address>0x6f5</run_address>
         <size>0x56</size>
         <input_file_ref idref="fl-3"/>
      </object_component>
      <object_component id="oc-285">
         <name>.debug_line</name>
         <load_address>0x74b</load_address>
         <run_address>0x74b</run_address>
         <size>0xd0</size>
         <input_file_ref idref="fl-4"/>
      </object_component>
      <object_component id="oc-18d">
         <name>.debug_line</name>
         <load_address>0x81b</load_address>
         <run_address>0x81b</run_address>
         <size>0x140</size>
         <input_file_ref idref="fl-4"/>
      </object_component>
      <object_component id="oc-29a">
         <name>.debug_line</name>
         <load_address>0x95b</load_address>
         <run_address>0x95b</run_address>
         <size>0xbf</size>
         <input_file_ref idref="fl-5"/>
      </object_component>
      <object_component id="oc-298">
         <name>.debug_line</name>
         <load_address>0xa1a</load_address>
         <run_address>0xa1a</run_address>
         <size>0x34</size>
         <input_file_ref idref="fl-5"/>
      </object_component>
      <object_component id="oc-283">
         <name>.debug_line</name>
         <load_address>0xa4e</load_address>
         <run_address>0xa4e</run_address>
         <size>0x34</size>
         <input_file_ref idref="fl-5"/>
      </object_component>
      <object_component id="oc-19f">
         <name>.debug_line</name>
         <load_address>0xa82</load_address>
         <run_address>0xa82</run_address>
         <size>0x8a</size>
         <input_file_ref idref="fl-5"/>
      </object_component>
      <object_component id="oc-e6">
         <name>.debug_line</name>
         <load_address>0xb0c</load_address>
         <run_address>0xb0c</run_address>
         <size>0x41</size>
         <input_file_ref idref="fl-6"/>
      </object_component>
      <object_component id="oc-31">
         <name>.debug_line</name>
         <load_address>0xb4d</load_address>
         <run_address>0xb4d</run_address>
         <size>0x41</size>
         <input_file_ref idref="fl-6"/>
      </object_component>
      <object_component id="oc-28">
         <name>.debug_line</name>
         <load_address>0xb8e</load_address>
         <run_address>0xb8e</run_address>
         <size>0xa7</size>
         <input_file_ref idref="fl-6"/>
      </object_component>
      <object_component id="oc-162">
         <name>.debug_line</name>
         <load_address>0xc35</load_address>
         <run_address>0xc35</run_address>
         <size>0x12b</size>
         <input_file_ref idref="fl-7"/>
      </object_component>
      <object_component id="oc-160">
         <name>.debug_line</name>
         <load_address>0xd60</load_address>
         <run_address>0xd60</run_address>
         <size>0x31</size>
         <input_file_ref idref="fl-7"/>
      </object_component>
      <object_component id="oc-164">
         <name>.debug_line</name>
         <load_address>0xd91</load_address>
         <run_address>0xd91</run_address>
         <size>0x31</size>
         <input_file_ref idref="fl-7"/>
      </object_component>
      <object_component id="oc-2e">
         <name>.debug_line</name>
         <load_address>0xdc2</load_address>
         <run_address>0xdc2</run_address>
         <size>0xec</size>
         <input_file_ref idref="fl-7"/>
      </object_component>
      <object_component id="oc-174">
         <name>.debug_line</name>
         <load_address>0xeae</load_address>
         <run_address>0xeae</run_address>
         <size>0xa9</size>
         <input_file_ref idref="fl-c2"/>
      </object_component>
      <object_component id="oc-4e">
         <name>.debug_line</name>
         <load_address>0xf57</load_address>
         <run_address>0xf57</run_address>
         <size>0x4f</size>
         <input_file_ref idref="fl-c2"/>
      </object_component>
      <object_component id="oc-fe">
         <name>.debug_line</name>
         <load_address>0xfa6</load_address>
         <run_address>0xfa6</run_address>
         <size>0x34</size>
         <input_file_ref idref="fl-c2"/>
      </object_component>
      <object_component id="oc-f9">
         <name>.debug_line</name>
         <load_address>0xfda</load_address>
         <run_address>0xfda</run_address>
         <size>0x20</size>
         <input_file_ref idref="fl-c3"/>
      </object_component>
      <object_component id="oc-1c">
         <name>.debug_line</name>
         <load_address>0xffa</load_address>
         <run_address>0xffa</run_address>
         <size>0x55</size>
         <input_file_ref idref="fl-c3"/>
      </object_component>
      <object_component id="oc-47">
         <name>.debug_line</name>
         <load_address>0x104f</load_address>
         <run_address>0x104f</run_address>
         <size>0x3a</size>
         <input_file_ref idref="fl-c3"/>
      </object_component>
      <object_component id="oc-f6">
         <name>.debug_line</name>
         <load_address>0x1089</load_address>
         <run_address>0x1089</run_address>
         <size>0x95</size>
         <input_file_ref idref="fl-c3"/>
      </object_component>
      <object_component id="oc-172">
         <name>.debug_line</name>
         <load_address>0x111e</load_address>
         <run_address>0x111e</run_address>
         <size>0x20</size>
         <input_file_ref idref="fl-c4"/>
      </object_component>
      <object_component id="oc-16">
         <name>.debug_line</name>
         <load_address>0x113e</load_address>
         <run_address>0x113e</run_address>
         <size>0xa9</size>
         <input_file_ref idref="fl-c4"/>
      </object_component>
      <object_component id="oc-37">
         <name>.debug_line</name>
         <load_address>0x11e7</load_address>
         <run_address>0x11e7</run_address>
         <size>0x3a</size>
         <input_file_ref idref="fl-c4"/>
      </object_component>
      <object_component id="oc-16f">
         <name>.debug_line</name>
         <load_address>0x1221</load_address>
         <run_address>0x1221</run_address>
         <size>0x9d</size>
         <input_file_ref idref="fl-c4"/>
      </object_component>
      <object_component id="oc-ef">
         <name>.debug_line</name>
         <load_address>0x12be</load_address>
         <run_address>0x12be</run_address>
         <size>0x99</size>
         <input_file_ref idref="fl-c4"/>
      </object_component>
      <object_component id="oc-6f">
         <name>.debug_line</name>
         <load_address>0x1357</load_address>
         <run_address>0x1357</run_address>
         <size>0x33</size>
         <input_file_ref idref="fl-c5"/>
      </object_component>
      <object_component id="oc-60">
         <name>.debug_line</name>
         <load_address>0x138a</load_address>
         <run_address>0x138a</run_address>
         <size>0x56</size>
         <input_file_ref idref="fl-c5"/>
      </object_component>
      <object_component id="oc-1a6">
         <name>.debug_line</name>
         <load_address>0x13e0</load_address>
         <run_address>0x13e0</run_address>
         <size>0x3c</size>
         <input_file_ref idref="fl-c6"/>
      </object_component>
      <object_component id="oc-2bd">
         <name>.debug_line</name>
         <load_address>0x141c</load_address>
         <run_address>0x141c</run_address>
         <size>0x20</size>
         <input_file_ref idref="fl-c9"/>
      </object_component>
      <object_component id="oc-208">
         <name>.debug_line</name>
         <load_address>0x143c</load_address>
         <run_address>0x143c</run_address>
         <size>0xb0</size>
         <input_file_ref idref="fl-c9"/>
      </object_component>
      <object_component id="oc-2c1">
         <name>.debug_line</name>
         <load_address>0x14ec</load_address>
         <run_address>0x14ec</run_address>
         <size>0x20</size>
         <input_file_ref idref="fl-ca"/>
      </object_component>
      <object_component id="oc-254">
         <name>.debug_line</name>
         <load_address>0x150c</load_address>
         <run_address>0x150c</run_address>
         <size>0xab</size>
         <input_file_ref idref="fl-ca"/>
      </object_component>
      <object_component id="oc-1f8">
         <name>.debug_line</name>
         <load_address>0x15b7</load_address>
         <run_address>0x15b7</run_address>
         <size>0x20</size>
         <input_file_ref idref="fl-cb"/>
      </object_component>
      <object_component id="oc-ab">
         <name>.debug_line</name>
         <load_address>0x15d7</load_address>
         <run_address>0x15d7</run_address>
         <size>0xb5</size>
         <input_file_ref idref="fl-cb"/>
      </object_component>
      <object_component id="oc-42">
         <name>.debug_line</name>
         <load_address>0x168c</load_address>
         <run_address>0x168c</run_address>
         <size>0x88</size>
         <input_file_ref idref="fl-cc"/>
      </object_component>
      <object_component id="oc-2aa">
         <name>.debug_line</name>
         <load_address>0x1714</load_address>
         <run_address>0x1714</run_address>
         <size>0xc2</size>
         <input_file_ref idref="fl-ce"/>
      </object_component>
      <object_component id="oc-1b2">
         <name>.debug_line</name>
         <load_address>0x17d6</load_address>
         <run_address>0x17d6</run_address>
         <size>0x6c</size>
         <input_file_ref idref="fl-ce"/>
      </object_component>
      <object_component id="oc-2ae">
         <name>.debug_line</name>
         <load_address>0x1842</load_address>
         <run_address>0x1842</run_address>
         <size>0x2e</size>
         <input_file_ref idref="fl-ce"/>
      </object_component>
      <object_component id="oc-2c8">
         <name>.debug_line</name>
         <load_address>0x1870</load_address>
         <run_address>0x1870</run_address>
         <size>0x9d</size>
         <input_file_ref idref="fl-ce"/>
      </object_component>
      <object_component id="oc-2b3">
         <name>.debug_line</name>
         <load_address>0x190d</load_address>
         <run_address>0x190d</run_address>
         <size>0x9a</size>
         <input_file_ref idref="fl-ce"/>
      </object_component>
      <object_component id="oc-2b8">
         <name>.debug_line</name>
         <load_address>0x19a7</load_address>
         <run_address>0x19a7</run_address>
         <size>0x96</size>
         <input_file_ref idref="fl-ce"/>
      </object_component>
      <object_component id="oc-10b">
         <name>.debug_line</name>
         <load_address>0x1a3d</load_address>
         <run_address>0x1a3d</run_address>
         <size>0x40</size>
         <input_file_ref idref="fl-cf"/>
      </object_component>
      <object_component id="oc-2bf">
         <name>.debug_line</name>
         <load_address>0x1a7d</load_address>
         <run_address>0x1a7d</run_address>
         <size>0xde</size>
         <input_file_ref idref="fl-d1"/>
      </object_component>
      <object_component id="oc-221">
         <name>.debug_line</name>
         <load_address>0x1b5b</load_address>
         <run_address>0x1b5b</run_address>
         <size>0xa7</size>
         <input_file_ref idref="fl-d1"/>
      </object_component>
      <object_component id="oc-227">
         <name>.debug_line</name>
         <load_address>0x1c02</load_address>
         <run_address>0x1c02</run_address>
         <size>0x91</size>
         <input_file_ref idref="fl-d1"/>
      </object_component>
      <object_component id="oc-23f">
         <name>.debug_line</name>
         <load_address>0x1c93</load_address>
         <run_address>0x1c93</run_address>
         <size>0x9c</size>
         <input_file_ref idref="fl-d1"/>
      </object_component>
      <object_component id="oc-21b">
         <name>.debug_line</name>
         <load_address>0x1d2f</load_address>
         <run_address>0x1d2f</run_address>
         <size>0xa4</size>
         <input_file_ref idref="fl-d1"/>
      </object_component>
      <object_component id="oc-233">
         <name>.debug_line</name>
         <load_address>0x1dd3</load_address>
         <run_address>0x1dd3</run_address>
         <size>0x91</size>
         <input_file_ref idref="fl-d1"/>
      </object_component>
      <object_component id="oc-239">
         <name>.debug_line</name>
         <load_address>0x1e64</load_address>
         <run_address>0x1e64</run_address>
         <size>0x9b</size>
         <input_file_ref idref="fl-d1"/>
      </object_component>
      <object_component id="oc-22d">
         <name>.debug_line</name>
         <load_address>0x1eff</load_address>
         <run_address>0x1eff</run_address>
         <size>0x91</size>
         <input_file_ref idref="fl-d1"/>
      </object_component>
      <object_component id="oc-123">
         <name>.debug_line</name>
         <load_address>0x1f90</load_address>
         <run_address>0x1f90</run_address>
         <size>0x69</size>
         <input_file_ref idref="fl-d1"/>
      </object_component>
      <object_component id="oc-1ea">
         <name>.debug_line</name>
         <load_address>0x1ff9</load_address>
         <run_address>0x1ff9</run_address>
         <size>0x82</size>
         <input_file_ref idref="fl-d2"/>
      </object_component>
      <object_component id="oc-1e8">
         <name>.debug_line</name>
         <load_address>0x207b</load_address>
         <run_address>0x207b</run_address>
         <size>0x7d</size>
         <input_file_ref idref="fl-d2"/>
      </object_component>
      <object_component id="oc-1ff">
         <name>.debug_line</name>
         <load_address>0x20f8</load_address>
         <run_address>0x20f8</run_address>
         <size>0x92</size>
         <input_file_ref idref="fl-d2"/>
      </object_component>
      <object_component id="oc-12c">
         <name>.debug_line</name>
         <load_address>0x218a</load_address>
         <run_address>0x218a</run_address>
         <size>0x95</size>
         <input_file_ref idref="fl-d2"/>
      </object_component>
      <object_component id="oc-132">
         <name>.debug_line</name>
         <load_address>0x221f</load_address>
         <run_address>0x221f</run_address>
         <size>0xd1</size>
         <input_file_ref idref="fl-d2"/>
      </object_component>
      <object_component id="oc-81">
         <name>.debug_line</name>
         <load_address>0x22f0</load_address>
         <run_address>0x22f0</run_address>
         <size>0x93</size>
         <input_file_ref idref="fl-d2"/>
      </object_component>
      <object_component id="oc-181">
         <name>.debug_line</name>
         <load_address>0x2383</load_address>
         <run_address>0x2383</run_address>
         <size>0x99</size>
         <input_file_ref idref="fl-d2"/>
      </object_component>
      <object_component id="oc-212">
         <name>.debug_line</name>
         <load_address>0x241c</load_address>
         <run_address>0x241c</run_address>
         <size>0x93</size>
         <input_file_ref idref="fl-d2"/>
      </object_component>
      <object_component id="oc-78">
         <name>.debug_line</name>
         <load_address>0x24af</load_address>
         <run_address>0x24af</run_address>
         <size>0xa7</size>
         <input_file_ref idref="fl-d2"/>
      </object_component>
      <object_component id="oc-1f6">
         <name>.debug_line</name>
         <load_address>0x2556</load_address>
         <run_address>0x2556</run_address>
         <size>0x7c</size>
         <input_file_ref idref="fl-d3"/>
      </object_component>
      <object_component id="oc-1f4">
         <name>.debug_line</name>
         <load_address>0x25d2</load_address>
         <run_address>0x25d2</run_address>
         <size>0x82</size>
         <input_file_ref idref="fl-d3"/>
      </object_component>
      <object_component id="oc-199">
         <name>.debug_line</name>
         <load_address>0x2654</load_address>
         <run_address>0x2654</run_address>
         <size>0x97</size>
         <input_file_ref idref="fl-d3"/>
      </object_component>
      <object_component id="oc-99">
         <name>.debug_line</name>
         <load_address>0x26eb</load_address>
         <run_address>0x26eb</run_address>
         <size>0xc2</size>
         <input_file_ref idref="fl-d3"/>
      </object_component>
      <object_component id="oc-1e1">
         <name>.debug_line</name>
         <load_address>0x27ad</load_address>
         <run_address>0x27ad</run_address>
         <size>0x13d</size>
         <input_file_ref idref="fl-d4"/>
      </object_component>
      <object_component id="oc-1ee">
         <name>.debug_line</name>
         <load_address>0x28ea</load_address>
         <run_address>0x28ea</run_address>
         <size>0x7f</size>
         <input_file_ref idref="fl-d4"/>
      </object_component>
      <object_component id="oc-75">
         <name>.debug_line</name>
         <load_address>0x2969</load_address>
         <run_address>0x2969</run_address>
         <size>0x94</size>
         <input_file_ref idref="fl-d4"/>
      </object_component>
      <object_component id="oc-17b">
         <name>.debug_line</name>
         <load_address>0x29fd</load_address>
         <run_address>0x29fd</run_address>
         <size>0xee</size>
         <input_file_ref idref="fl-d4"/>
      </object_component>
      <object_component id="oc-87">
         <name>.debug_line</name>
         <load_address>0x2aeb</load_address>
         <run_address>0x2aeb</run_address>
         <size>0x11a</size>
         <input_file_ref idref="fl-d4"/>
      </object_component>
      <object_component id="oc-1e5">
         <name>.debug_line</name>
         <load_address>0x2c05</load_address>
         <run_address>0x2c05</run_address>
         <size>0x7f</size>
         <input_file_ref idref="fl-d4"/>
      </object_component>
      <object_component id="oc-1f2">
         <name>.debug_line</name>
         <load_address>0x2c84</load_address>
         <run_address>0x2c84</run_address>
         <size>0x82</size>
         <input_file_ref idref="fl-d5"/>
      </object_component>
      <object_component id="oc-b1">
         <name>.debug_line</name>
         <load_address>0x2d06</load_address>
         <run_address>0x2d06</run_address>
         <size>0x92</size>
         <input_file_ref idref="fl-d5"/>
      </object_component>
      <object_component id="oc-bd">
         <name>.debug_line</name>
         <load_address>0x2d98</load_address>
         <run_address>0x2d98</run_address>
         <size>0x92</size>
         <input_file_ref idref="fl-d5"/>
      </object_component>
      <object_component id="oc-9f">
         <name>.debug_line</name>
         <load_address>0x2e2a</load_address>
         <run_address>0x2e2a</run_address>
         <size>0x92</size>
         <input_file_ref idref="fl-d5"/>
      </object_component>
      <object_component id="oc-c3">
         <name>.debug_line</name>
         <load_address>0x2ebc</load_address>
         <run_address>0x2ebc</run_address>
         <size>0x92</size>
         <input_file_ref idref="fl-d5"/>
      </object_component>
      <object_component id="oc-93">
         <name>.debug_line</name>
         <load_address>0x2f4e</load_address>
         <run_address>0x2f4e</run_address>
         <size>0x92</size>
         <input_file_ref idref="fl-d5"/>
      </object_component>
      <object_component id="oc-146">
         <name>.debug_line</name>
         <load_address>0x2fe0</load_address>
         <run_address>0x2fe0</run_address>
         <size>0x93</size>
         <input_file_ref idref="fl-d5"/>
      </object_component>
      <object_component id="oc-140">
         <name>.debug_line</name>
         <load_address>0x3073</load_address>
         <run_address>0x3073</run_address>
         <size>0x96</size>
         <input_file_ref idref="fl-d5"/>
      </object_component>
      <object_component id="oc-8d">
         <name>.debug_line</name>
         <load_address>0x3109</load_address>
         <run_address>0x3109</run_address>
         <size>0xb3</size>
         <input_file_ref idref="fl-d5"/>
      </object_component>
      <object_component id="oc-cf">
         <name>.debug_line</name>
         <load_address>0x31bc</load_address>
         <run_address>0x31bc</run_address>
         <size>0x92</size>
         <input_file_ref idref="fl-d5"/>
      </object_component>
      <object_component id="oc-b7">
         <name>.debug_line</name>
         <load_address>0x324e</load_address>
         <run_address>0x324e</run_address>
         <size>0x97</size>
         <input_file_ref idref="fl-d5"/>
      </object_component>
      <object_component id="oc-a5">
         <name>.debug_line</name>
         <load_address>0x32e5</load_address>
         <run_address>0x32e5</run_address>
         <size>0x93</size>
         <input_file_ref idref="fl-d5"/>
      </object_component>
      <object_component id="oc-c9">
         <name>.debug_line</name>
         <load_address>0x3378</load_address>
         <run_address>0x3378</run_address>
         <size>0x92</size>
         <input_file_ref idref="fl-d5"/>
      </object_component>
      <object_component id="oc-24d">
         <name>.debug_line</name>
         <load_address>0x340a</load_address>
         <run_address>0x340a</run_address>
         <size>0x91</size>
         <input_file_ref idref="fl-d6"/>
      </object_component>
      <object_component id="oc-194">
         <name>.debug_frame</name>
         <load_address>0x0</load_address>
         <run_address>0x0</run_address>
         <size>0x100</size>
         <input_file_ref idref="fl-1"/>
      </object_component>
      <object_component id="oc-188">
         <name>.debug_frame</name>
         <load_address>0x100</load_address>
         <run_address>0x100</run_address>
         <size>0xe8</size>
         <input_file_ref idref="fl-2"/>
      </object_component>
      <object_component id="oc-112">
         <name>.debug_frame</name>
         <load_address>0x1e8</load_address>
         <run_address>0x1e8</run_address>
         <size>0x58</size>
         <input_file_ref idref="fl-3"/>
      </object_component>
      <object_component id="oc-18e">
         <name>.debug_frame</name>
         <load_address>0x240</load_address>
         <run_address>0x240</run_address>
         <size>0xe8</size>
         <input_file_ref idref="fl-4"/>
      </object_component>
      <object_component id="oc-1a0">
         <name>.debug_frame</name>
         <load_address>0x328</load_address>
         <run_address>0x328</run_address>
         <size>0x74</size>
         <input_file_ref idref="fl-5"/>
      </object_component>
      <object_component id="oc-29">
         <name>.debug_frame</name>
         <load_address>0x39c</load_address>
         <run_address>0x39c</run_address>
         <size>0x94</size>
         <input_file_ref idref="fl-6"/>
      </object_component>
      <object_component id="oc-2f">
         <name>.debug_frame</name>
         <load_address>0x430</load_address>
         <run_address>0x430</run_address>
         <size>0xa4</size>
         <input_file_ref idref="fl-7"/>
      </object_component>
      <object_component id="oc-4f">
         <name>.debug_frame</name>
         <load_address>0x4d4</load_address>
         <run_address>0x4d4</run_address>
         <size>0x54</size>
         <input_file_ref idref="fl-c2"/>
      </object_component>
      <object_component id="oc-1d">
         <name>.debug_frame</name>
         <load_address>0x528</load_address>
         <run_address>0x528</run_address>
         <size>0x54</size>
         <input_file_ref idref="fl-c3"/>
      </object_component>
      <object_component id="oc-17">
         <name>.debug_frame</name>
         <load_address>0x57c</load_address>
         <run_address>0x57c</run_address>
         <size>0x60</size>
         <input_file_ref idref="fl-c4"/>
      </object_component>
      <object_component id="oc-61">
         <name>.debug_frame</name>
         <load_address>0x5dc</load_address>
         <run_address>0x5dc</run_address>
         <size>0x58</size>
         <input_file_ref idref="fl-c5"/>
      </object_component>
      <object_component id="oc-1a7">
         <name>.debug_frame</name>
         <load_address>0x634</load_address>
         <run_address>0x634</run_address>
         <size>0x54</size>
         <input_file_ref idref="fl-c6"/>
      </object_component>
      <object_component id="oc-209">
         <name>.debug_frame</name>
         <load_address>0x688</load_address>
         <run_address>0x688</run_address>
         <size>0x54</size>
         <input_file_ref idref="fl-c9"/>
      </object_component>
      <object_component id="oc-255">
         <name>.debug_frame</name>
         <load_address>0x6dc</load_address>
         <run_address>0x6dc</run_address>
         <size>0x54</size>
         <input_file_ref idref="fl-ca"/>
      </object_component>
      <object_component id="oc-ac">
         <name>.debug_frame</name>
         <load_address>0x730</load_address>
         <run_address>0x730</run_address>
         <size>0x54</size>
         <input_file_ref idref="fl-cb"/>
      </object_component>
      <object_component id="oc-1b3">
         <name>.debug_frame</name>
         <load_address>0x784</load_address>
         <run_address>0x784</run_address>
         <size>0x5c</size>
         <input_file_ref idref="fl-ce"/>
      </object_component>
      <object_component id="oc-10c">
         <name>.debug_frame</name>
         <load_address>0x7e0</load_address>
         <run_address>0x7e0</run_address>
         <size>0x54</size>
         <input_file_ref idref="fl-cf"/>
      </object_component>
      <object_component id="oc-222">
         <name>.debug_frame</name>
         <load_address>0x834</load_address>
         <run_address>0x834</run_address>
         <size>0x8a</size>
         <input_file_ref idref="fl-d1"/>
      </object_component>
      <object_component id="oc-228">
         <name>.debug_frame</name>
         <load_address>0x8be</load_address>
         <run_address>0x8be</run_address>
         <size>0x7f</size>
         <input_file_ref idref="fl-d1"/>
      </object_component>
      <object_component id="oc-240">
         <name>.debug_frame</name>
         <load_address>0x93d</load_address>
         <run_address>0x93d</run_address>
         <size>0x7f</size>
         <input_file_ref idref="fl-d1"/>
      </object_component>
      <object_component id="oc-21c">
         <name>.debug_frame</name>
         <load_address>0x9bc</load_address>
         <run_address>0x9bc</run_address>
         <size>0x8e</size>
         <input_file_ref idref="fl-d1"/>
      </object_component>
      <object_component id="oc-234">
         <name>.debug_frame</name>
         <load_address>0xa4a</load_address>
         <run_address>0xa4a</run_address>
         <size>0x86</size>
         <input_file_ref idref="fl-d1"/>
      </object_component>
      <object_component id="oc-23a">
         <name>.debug_frame</name>
         <load_address>0xad0</load_address>
         <run_address>0xad0</run_address>
         <size>0x83</size>
         <input_file_ref idref="fl-d1"/>
      </object_component>
      <object_component id="oc-22e">
         <name>.debug_frame</name>
         <load_address>0xb53</load_address>
         <run_address>0xb53</run_address>
         <size>0x7f</size>
[...]
            <logical_group_ref idref="lg-5"/>
            <logical_group_ref idref="lg-6"/>
         </contents>
      </load_segment>
      <load_segment id="lg-304" display="no" color="cyan">
         <name>SEGMENT_1</name>
         <run_address>0x20000000</run_address>
         <size>0x308</size>
         <flags>0x6</flags>
         <contents>
            <logical_group_ref idref="lg-d"/>
            <logical_group_ref idref="lg-a"/>
            <logical_group_ref idref="lg-b"/>
         </contents>
      </load_segment>
   </logical_group_list>
   <placement_map>
      <memory_area display="yes" color="green">
         <name>FLASH</name>
         <page_id>0x0</page_id>
         <origin>0x0</origin>
         <length>0x40000</length>
         <used_space>0x1730</used_space>
         <unused_space>0x3e8d0</unused_space>
         <attributes>RX</attributes>
         <usage_details>
            <allocated_space>
               <start_address>0x0</start_address>
               <size>0x26c</size>
               <logical_group_ref idref="lg-3"/>
            </allocated_space>
            <allocated_space>
               <start_address>0x26c</start_address>
               <size>0x1328</size>
               <logical_group_ref idref="lg-4"/>
            </allocated_space>
            <allocated_space>
               <start_address>0x1594</start_address>
               <size>0x16c</size>
               <logical_group_ref idref="lg-5"/>
            </allocated_space>
            <allocated_space>
               <start_address>0x1700</start_address>
               <size>0x30</size>
               <logical_group_ref idref="lg-6"/>
            </allocated_space>
            <available_space>
               <start_address>0x1730</start_address>
               <size>0x3e8d0</size>
            </available_space>
         </usage_details>
      </memory_area>
      <memory_area display="yes" color="green">
         <name>SRAM</name>
         <page_id>0x0</page_id>
         <origin>0x20000000</origin>
         <length>0x8000</length>
         <used_space>0x308</used_space>
         <unused_space>0x7cf8</unused_space>
         <attributes>RWX</attributes>
         <usage_details>
            <allocated_space>
               <start_address>0x20000000</start_address>
               <size>0x200</size>
               <logical_group_ref idref="lg-d"/>
            </allocated_space>
            <allocated_space>
               <start_address>0x20000200</start_address>
               <size>0xfc</size>
               <logical_group_ref idref="lg-a"/>
            </allocated_space>
            <allocated_space>
               <start_address>0x200002fc</start_address>
               <size>0xc</size>
               <logical_group_ref idref="lg-b"/>
            </allocated_space>
            <available_space>
               <start_address>0x20000308</start_address>
               <size>0x7cf8</size>
            </available_space>
         </usage_details>
      </memory_area>
   </placement_map>
   <cptbl_list>
      <cptbl>
         <name>__TI_cinit_table</name>
         <cprec>
            <name>.data</name>
            <load_address>0x170c</load_address>
            <load_size>0x9</load_size>
            <run_address>0x20000200</run_address>
            <run_size>0xfc</run_size>
            <compression>lzss</compression>
         </cprec>
         <cprec>
            <name>.bss</name>
            <load_address>0x1718</load_address>
            <load_size>0x8</load_size>
            <run_address>0x200002fc</run_address>
            <run_size>0xc</run_size>
            <compression>zero_init</compression>
         </cprec>
      </cptbl>
   </cptbl_list>
   <handler_table>
      <handler_table_name>__TI_handler_table</handler_table_name>
      <handler>
         <index>0x0</index>
         <name>__TI_decompress_lzss</name>
      </handler>
      <handler>
         <index>0x1</index>
         <name>__TI_decompress_none</name>
      </handler>
      <handler>
         <index>0x2</index>
         <name>__TI_zero_init</name>
      </handler>
   </handler_table>
   <symbol_table>
      <symbol id="sm-1">
         <name>__STACK_TOP</name>
         <value>0x20000200</value>
      </symbol>
      <symbol id="sm-2">
         <name>__TI_CINIT_Base</name>
         <value>0x1720</value>
      </symbol>
      <symbol id="sm-3">
         <name>__TI_CINIT_Limit</name>
         <value>0x1730</value>
      </symbol>
      <symbol id="sm-4">
         <name>__TI_Handler_Table_Base</name>
         <value>0x1700</value>
      </symbol>
      <symbol id="sm-5">
         <name>__TI_Handler_Table_Limit</name>
         <value>0x170c</value>
      </symbol>
      <symbol id="sm-6">
         <name>binit</name>
         <value>0xffffffff</value>
      </symbol>
      <symbol id="sm-7">
         <name>__binit__</name>
         <value>0xffffffff</value>
      </symbol>
      <symbol id="sm-8">
         <name>__STACK_SIZE</name>
         <value>0x200</value>
      </symbol>
      <symbol id="sm-9">
         <name>__STACK_END</name>
         <value>0x20000200</value>
      </symbol>
      <symbol id="sm-a">
         <name>__c_args__</name>
         <value>0xffffffff</value>
      </symbol>
      <symbol id="sm-b">
         <name>__TI_pprof_out_hndl</name>
         <value>0xffffffff</value>
      </symbol>
      <symbol id="sm-c">
         <name>__TI_prof_data_start</name>
         <value>0xffffffff</value>
      </symbol>
      <symbol id="sm-d">
         <name>__TI_prof_data_size</name>
         <value>0xffffffff</value>
      </symbol>
      <symbol id="sm-82">
         <name>lower_threshold</name>
         <value>0x200002fc</value>
      </symbol>
      <symbol id="sm-83">
         <name>upper_threshold</name>
         <value>0x20000300</value>
      </symbol>
      <symbol id="sm-84">
         <name>adc_sample</name>
         <value>0x7db</value>
         <object_component_ref idref="oc-18f"/>
      </symbol>
      <symbol id="sm-85">
         <name>adc_value</name>
         <value>0x200002ec</value>
         <object_component_ref idref="oc-241"/>
      </symbol>
      <symbol id="sm-86">
         <name>adc_select</name>
         <value>0x807</value>
         <object_component_ref idref="oc-18f"/>
      </symbol>
      <symbol id="sm-87">
         <name>analog_relay</name>
         <value>0x8f3</value>
         <object_component_ref idref="oc-18f"/>
      </symbol>
      <symbol id="sm-88">
         <name>adc_init</name>
         <value>0x77d</value>
         <object_component_ref idref="oc-18f"/>
      </symbol>
      <symbol id="sm-89">
         <name>analog_1</name>
         <value>0x843</value>
         <object_component_ref idref="oc-18f"/>
      </symbol>
      <symbol id="sm-8a">
         <name>analog_3</name>
         <value>0x89b</value>
         <object_component_ref idref="oc-18f"/>
      </symbol>
      <symbol id="sm-8b">
         <name>analog_2</name>
         <value>0x86f</value>
         <object_component_ref idref="oc-18f"/>
      </symbol>
      <symbol id="sm-8c">
         <name>analog_4</name>
         <value>0x8c7</value>
         <object_component_ref idref="oc-18f"/>
      </symbol>
      <symbol id="sm-c4">
         <name>io_init</name>
         <value>0x529</value>
         <object_component_ref idref="oc-183"/>
      </symbol>
      <symbol id="sm-c5">
         <name>channel_1</name>
         <value>0x5d5</value>
         <object_component_ref idref="oc-183"/>
      </symbol>
      <symbol id="sm-c6">
         <name>channel_3</name>
         <value>0x645</value>
         <object_component_ref idref="oc-183"/>
      </symbol>
      <symbol id="sm-c7">
         <name>channel_2</name>
         <value>0x60d</value>
         <object_component_ref idref="oc-183"/>
      </symbol>
      <symbol id="sm-c8">
         <name>channel_5</name>
         <value>0x6b5</value>
         <object_component_ref idref="oc-183"/>
      </symbol>
      <symbol id="sm-c9">
         <name>channel_4</name>
         <value>0x67d</value>
         <object_component_ref idref="oc-183"/>
      </symbol>
      <symbol id="sm-ca">
         <name>channel_select</name>
         <value>0x58b</value>
         <object_component_ref idref="oc-183"/>
      </symbol>
      <symbol id="sm-e3">
         <name>main</name>
         <value>0x1009</value>
         <object_component_ref idref="oc-10d"/>
      </symbol>
      <symbol id="sm-11e">
         <name>relay_select</name>
         <value>0x2cb</value>
         <object_component_ref idref="oc-189"/>
      </symbol>
      <symbol id="sm-11f">
         <name>relay_1</name>
         <value>0x31f</value>
         <object_component_ref idref="oc-189"/>
      </symbol>
      <symbol id="sm-120">
         <name>relay_3</name>
         <value>0x393</value>
         <object_component_ref idref="oc-189"/>
      </symbol>
      <symbol id="sm-121">
         <name>relay_2</name>
         <value>0x359</value>
         <object_component_ref idref="oc-189"/>
      </symbol>
      <symbol id="sm-122">
         <name>relay_5</name>
         <value>0x407</value>
         <object_component_ref idref="oc-189"/>
      </symbol>
      <symbol id="sm-123">
         <name>relay_4</name>
         <value>0x3cd</value>
         <object_component_ref idref="oc-189"/>
      </symbol>
      <symbol id="sm-124">
         <name>relay_nit</name>
         <value>0x26d</value>
         <object_component_ref idref="oc-189"/>
      </symbol>
      <symbol id="sm-14c">
         <name>i</name>
         <value>0x20000305</value>
      </symbol>
      <symbol id="sm-14d">
         <name>j</name>
         <value>0x20000306</value>
      </symbol>
      <symbol id="sm-14e">
         <name>cnt</name>
         <value>0x20000304</value>
      </symbol>
      <symbol id="sm-14f">
         <name>serial_in_cfg</name>
         <value>0x20000264</value>
         <object_component_ref idref="oc-256"/>
      </symbol>
      <symbol id="sm-150">
         <name>get_serial_in</name>
         <value>0xea1</value>
         <object_component_ref idref="oc-19b"/>
      </symbol>
      <symbol id="sm-151">
         <name>sanitize_serial_in_cfg</name>
         <value>0x20000200</value>
         <object_component_ref idref="oc-20a"/>
      </symbol>
      <symbol id="sm-152">
         <name>sanitize_serial_in</name>
         <value>0xec7</value>
         <object_component_ref idref="oc-19b"/>
      </symbol>
      <symbol id="sm-16f">
         <name>ResetISR</name>
         <value>0x13e5</value>
         <object_component_ref idref="oc-24"/>
      </symbol>
      <symbol id="sm-170">
         <name>g_pfnVectors</name>
         <value>0x0</value>
         <object_component_ref idref="oc-f"/>
      </symbol>
      <symbol id="sm-1a0">
         <name>read_index</name>
         <value>0x20000307</value>
      </symbol>
      <symbol id="sm-1a1">
         <name>read_flag</name>
         <value>0x200002eb</value>
         <object_component_ref idref="oc-d1"/>
      </symbol>
      <symbol id="sm-1a2">
         <name>serial_print</name>
         <value>0xabb</value>
         <object_component_ref idref="oc-2a"/>
      </symbol>
      <symbol id="sm-1a3">
         <name>indata</name>
         <value>0x200002c8</value>
         <object_component_ref idref="oc-d7"/>
      </symbol>
      <symbol id="sm-1a4">
         <name>serial_comm_init</name>
         <value>0x9bd</value>
         <object_component_ref idref="oc-2a"/>
      </symbol>
      <symbol id="sm-1a5">
         <name>serial_read</name>
         <value>0xa3b</value>
         <object_component_ref idref="oc-2a"/>
      </symbol>
      <symbol id="sm-1a6">
         <name>UARTIntHandler</name>
         <value>0xb1b</value>
         <object_component_ref idref="oc-2a"/>
      </symbol>
      <symbol id="sm-1ba">
         <name>__TI_zero_init_nomemset</name>
         <value>0x14cb</value>
         <object_component_ref idref="oc-4a"/>
      </symbol>
      <symbol id="sm-1d1">
         <name>__TI_decompress_none</name>
         <value>0x1533</value>
         <object_component_ref idref="oc-18"/>
      </symbol>
      <symbol id="sm-1f4">
         <name>__TI_decompress_lzss</name>
         <value>0x1175</value>
         <object_component_ref idref="oc-12"/>
      </symbol>
      <symbol id="sm-207">
         <name>__stack</name>
         <value>0x20000000</value>
         <object_component_ref idref="oc-21"/>
      </symbol>
      <symbol id="sm-208">
         <name>_c_int00_noargs</name>
         <value>0x1301</value>
         <object_component_ref idref="oc-5c"/>
      </symbol>
      <symbol id="sm-213">
         <name>C$$EXIT</name>
         <value>0x1591</value>
         <object_component_ref idref="oc-1a2"/>
      </symbol>
      <symbol id="sm-214">
         <name>abort</name>
         <value>0x1591</value>
         <object_component_ref idref="oc-1a2"/>
      </symbol>
      <symbol id="sm-225">
         <name>strcmp</name>
         <value>0x1453</value>
         <object_component_ref idref="oc-204"/>
      </symbol>
      <symbol id="sm-233">
         <name>strcpy</name>
         <value>0x147f</value>
         <object_component_ref idref="oc-250"/>
      </symbol>
      <symbol id="sm-241">
         <name>strlen</name>
         <value>0x1493</value>
         <object_component_ref idref="oc-a7"/>
      </symbol>
      <symbol id="sm-25c">
         <name>memcpy</name>
         <value>0xf6d</value>
         <object_component_ref idref="oc-3e"/>
      </symbol>
      <symbol id="sm-25d">
         <name>__aeabi_memcpy</name>
         <value>0xf6d</value>
         <object_component_ref idref="oc-3e"/>
      </symbol>
      <symbol id="sm-25e">
         <name>__aeabi_memcpy8</name>
         <value>0xf6d</value>
         <object_component_ref idref="oc-3e"/>
      </symbol>
      <symbol id="sm-25f">
         <name>__aeabi_memcpy4</name>
         <value>0xf6d</value>
         <object_component_ref idref="oc-3e"/>
      </symbol>
      <symbol id="sm-288">
         <name>__TI_auto_init_nobinit_nopinit</name>
         <value>0x12bd</value>
         <object_component_ref idref="oc-1ae"/>
      </symbol>
      <symbol id="sm-292">
         <name>_system_pre_init</name>
         <value>0x158d</value>
         <object_component_ref idref="oc-107"/>
      </symbol>
      <symbol id="sm-2de">
         <name>ADCProcessorTrigger</name>
         <value>0x1423</value>
         <object_component_ref idref="oc-22f"/>
      </symbol>
      <symbol id="sm-2df">
         <name>ADCSequenceEnable</name>
         <value>0x14ed</value>
         <object_component_ref idref="oc-223"/>
      </symbol>
      <symbol id="sm-2e0">
         <name>ADCSequenceConfigure</name>
         <value>0x11dd</value>
         <object_component_ref idref="oc-217"/>
      </symbol>
      <symbol id="sm-2e1">
         <name>ADCSequenceStepConfigure</name>
         <value>0x1091</value>
         <object_component_ref idref="oc-21d"/>
      </symbol>
      <symbol id="sm-2e2">
         <name>ADCIntClear</name>
         <value>0x154d</value>
         <object_component_ref idref="oc-229"/>
      </symbol>
      <symbol id="sm-2e3">
         <name>ADCIntStatus</name>
         <value>0x136d</value>
         <object_component_ref idref="oc-235"/>
      </symbol>
      <symbol id="sm-2e4">
         <name>ADCSequenceDataGet</name>
         <value>0x1405</value>
         <object_component_ref idref="oc-23b"/>
      </symbol>
      <symbol id="sm-32e">
         <name>GPIOPinConfigure</name>
         <value>0x122d</value>
         <object_component_ref idref="oc-77"/>
      </symbol>
      <symbol id="sm-32f">
         <name>GPIOPinTypeADC</name>
         <value>0x14a7</value>
         <object_component_ref idref="oc-211"/>
      </symbol>
      <symbol id="sm-330">
         <name>GPIOPinTypeUART</name>
         <value>0x14b9</value>
         <object_component_ref idref="oc-7d"/>
      </symbol>
      <symbol id="sm-331">
         <name>GPIOPinTypeGPIOOutput</name>
         <value>0x143b</value>
         <object_component_ref idref="oc-17d"/>
      </symbol>
      <symbol id="sm-332">
         <name>GPIODirModeSet</name>
         <value>0x139b</value>
         <object_component_ref idref="oc-12b"/>
      </symbol>
      <symbol id="sm-333">
         <name>GPIOPinWrite</name>
         <value>0x157d</value>
         <object_component_ref idref="oc-1fe"/>
      </symbol>
      <symbol id="sm-334">
         <name>GPIOPadConfigSet</name>
         <value>0xb69</value>
         <object_component_ref idref="oc-131"/>
      </symbol>
      <symbol id="sm-364">
         <name>IntEnable</name>
         <value>0x110d</value>
         <object_component_ref idref="oc-95"/>
      </symbol>
      <symbol id="sm-365">
         <name>IntMasterEnable</name>
         <value>0x14dd</value>
         <object_component_ref idref="oc-195"/>
      </symbol>
      <symbol id="sm-3b7">
         <name>SysCtlClockSet</name>
         <value>0xdad</value>
         <object_component_ref idref="oc-177"/>
      </symbol>
      <symbol id="sm-3b8">
         <name>SysCtlDelay</name>
         <value>0x1583</value>
         <object_component_ref idref="oc-1fb"/>
      </symbol>
      <symbol id="sm-3b9">
         <name>SysCtlPeripheralEnable</name>
         <value>0x1339</value>
         <object_component_ref idref="oc-71"/>
      </symbol>
      <symbol id="sm-3ba">
         <name>SysCtlClockGet</name>
         <value>0xc9d</value>
         <object_component_ref idref="oc-83"/>
      </symbol>
      <symbol id="sm-424">
         <name>UARTCharPutNonBlocking</name>
         <value>0x1509</value>
         <object_component_ref idref="oc-b3"/>
      </symbol>
      <symbol id="sm-425">
         <name>UARTFIFODisable</name>
         <value>0x1561</value>
         <object_component_ref idref="oc-8f"/>
      </symbol>
      <symbol id="sm-426">
         <name>UARTConfigSetExpClk</name>
         <value>0x1275</value>
         <object_component_ref idref="oc-89"/>
      </symbol>
      <symbol id="sm-427">
         <name>UARTDisable</name>
         <value>0x13c5</value>
         <object_component_ref idref="oc-13c"/>
      </symbol>
      <symbol id="sm-428">
         <name>UARTIntEnable</name>
         <value>0x1575</value>
         <object_component_ref idref="oc-9b"/>
      </symbol>
      <symbol id="sm-429">
         <name>UARTCharsAvail</name>
         <value>0x1517</value>
         <object_component_ref idref="oc-cb"/>
      </symbol>
      <symbol id="sm-42a">
         <name>UARTCharGetNonBlocking</name>
         <value>0x14fb</value>
         <object_component_ref idref="oc-c5"/>
      </symbol>
      <symbol id="sm-42b">
         <name>UARTCharPut</name>
         <value>0x1557</value>
         <object_component_ref idref="oc-a1"/>
      </symbol>
      <symbol id="sm-42c">
         <name>UARTEnable</name>
         <value>0x146b</value>
         <object_component_ref idref="oc-142"/>
      </symbol>
      <symbol id="sm-42d">
         <name>UARTIntClear</name>
         <value>0x1589</value>
         <object_component_ref idref="oc-bf"/>
      </symbol>
      <symbol id="sm-42e">
         <name>UARTIntStatus</name>
         <value>0x156b</value>
         <object_component_ref idref="oc-b9"/>
      </symbol>
      <symbol id="sm-42f">
         <name>UARTSpaceAvail</name>
         <value>0x1525</value>
         <object_component_ref idref="oc-ad"/>
      </symbol>
      <symbol id="sm-439">
         <name>CPUcpsie</name>
         <value>0x1541</value>
         <object_component_ref idref="oc-249"/>
      </symbol>
      <symbol id="sm-43a">
         <name>__TI_static_base__</name>
         <value>0x0</value>
      </symbol>
      <symbol id="sm-43d">
         <name>__mpu_init</name>
         <value>0x0</value>
      </symbol>
      <symbol id="sm-43e">
         <name>_system_post_cinit</name>
         <value>0x0</value>
      </symbol>
   </symbol_table>
   <title>Link successful</title>
</link_info>
