******************************************************************************
                  TI ARM Linker Unix v18.1.4                   
******************************************************************************
>> Linked Mon Apr 29 00:22:42 2019

OUTPUT FILE NAME:   <WIFIRelayBoard.out>
ENTRY POINT SYMBOL: "_c_int00_noargs"  address: 00000edd


MEMORY CONFIGURATION

         name            origin    length      used     unused   attr    fill
----------------------  --------  ---------  --------  --------  ----  --------
  FLASH                 00000000   00040000  000012f8  0003ed08  R  X
  SRAM                  20000000   00008000  00000300  00007d00  RW X


SEGMENT ALLOCATION MAP

run origin  load origin   length   init length attrs members
----------  ----------- ---------- ----------- ----- -------
00000000    00000000    000012f8   000012f8    r-x
  00000000    00000000    0000026c   0000026c    r-- .intvecs
  0000026c    0000026c    00000ef0   00000ef0    r-x .text
  0000115c    0000115c    0000016c   0000016c    r-- .const
  000012c8    000012c8    00000030   00000030    r-- .cinit
20000000    20000000    00000300   00000000    rw-
  20000000    20000000    00000200   00000000    rw- .stack
  20000200    20000200    000000fc   00000000    rw- .data
  200002fc    200002fc    00000004   00000000    rw- .bss


SECTION ALLOCATION MAP

 output                                  attributes/
section   page    origin      length       input sections
--------  ----  ----------  ----------   ----------------
.intvecs   0    00000000    0000026c     
                  00000000    0000026c     tm4c123gh6pm_startup_ccs.obj (.intvecs)

.text      0    0000026c    00000ef0     
                  0000026c    0000027c     relay_mgr.obj (.text)
                  000004e8    000001cc     uart_mgr.obj (.text)
                  000006b4    00000132     driverlib.lib : gpio.obj (.text:GPIOPadConfigSet)
                  000007e6    00000002     --HOLE-- [fill = 0]
                  000007e8    00000110                   : sysctl.obj (.text:SysCtlClockGet)
                  000008f8    000000f4                   : sysctl.obj (.text:SysCtlClockSet)
                  000009ec    000000cc     sanitze_cfg.obj (.text)
                  00000ab8    000000a0     analog_mgr.obj (.text)
                  00000b58    0000009c     rtsv7M4_T_le_v4SPD16_eabi.lib : memcpy_t2.asm.obj (.text)
                  00000bf4    0000007a     driverlib.lib : adc.obj (.text:ADCSequenceStepConfigure)
                  00000c6e    00000002     --HOLE-- [fill = 0]
                  00000c70    00000078     main.obj (.text)
                  00000ce8    00000068     driverlib.lib : interrupt.obj (.text:IntEnable)
                  00000d50    00000068     rtsv7M4_T_le_v4SPD16_eabi.lib : copy_decompress_lzss.c.obj (.text:decompress:lzss:__TI_decompress_lzss)
                  00000db8    00000050     driverlib.lib : adc.obj (.text:ADCSequenceConfigure)
                  00000e08    00000048                   : gpio.obj (.text:GPIOPinConfigure)
                  00000e50    00000046                   : uart.obj (.text:UARTConfigSetExpClk)
                  00000e96    00000002     --HOLE-- [fill = 0]
                  00000e98    00000044     rtsv7M4_T_le_v4SPD16_eabi.lib : autoinit.c.obj (.text:__TI_auto_init_nobinit_nopinit:__TI_auto_init_nobinit_nopinit)
                  00000edc    00000038                                   : boot_cortex_m.c.obj (.text:_c_int00_noargs:_c_int00_noargs)
                  00000f14    00000034     driverlib.lib : sysctl.obj (.text:SysCtlPeripheralEnable)
                  00000f48    0000002e                   : adc.obj (.text:ADCIntStatus)
                  00000f76    0000002a                   : gpio.obj (.text:GPIODirModeSet)
                  00000fa0    00000020                   : uart.obj (.text:UARTDisable)
                  00000fc0    0000001e                   : adc.obj (.text:ADCSequenceDataGet)
                  00000fde    00000018                   : adc.obj (.text:ADCProcessorTrigger)
                  00000ff6    00000018                   : gpio.obj (.text:GPIOPinTypeGPIOOutput)
                  0000100e    00000018     rtsv7M4_T_le_v4SPD16_eabi.lib : strcmp.c.obj (.text:strcmp)
                  00001026    00000014     driverlib.lib : uart.obj (.text:UARTEnable)
                  0000103a    00000014     rtsv7M4_T_le_v4SPD16_eabi.lib : strcpy.c.obj (.text:strcpy)
                  0000104e    00000014                                   : strlen.c.obj (.text:strlen)
                  00001062    00000012     driverlib.lib : gpio.obj (.text:GPIOPinTypeADC)
                  00001074    00000012                   : gpio.obj (.text:GPIOPinTypeUART)
                  00001086    00000012     rtsv7M4_T_le_v4SPD16_eabi.lib : copy_zero_init.c.obj (.text:decompress:ZI:__TI_zero_init_nomemset:__TI_zero_init_nomemset)
                  00001098    00000010     driverlib.lib : interrupt.obj (.text:IntMasterEnable)
                  000010a8    0000000e                   : adc.obj (.text:ADCSequenceEnable)
                  000010b6    0000000e                   : uart.obj (.text:UARTCharGetNonBlocking)
                  000010c4    0000000e                   : uart.obj (.text:UARTCharPutNonBlocking)
                  000010d2    0000000e                   : uart.obj (.text:UARTCharsAvail)
                  000010e0    0000000e                   : uart.obj (.text:UARTSpaceAvail)
                  000010ee    0000000e     rtsv7M4_T_le_v4SPD16_eabi.lib : copy_decompress_none.c.obj (.text:decompress:none:__TI_decompress_none)
                  000010fc    0000000c     driverlib.lib : cpu.obj (.text:CPUcpsie)
                  00001108    0000000c     tm4c123gh6pm_startup_ccs.obj (.text)
                  00001114    0000000a     driverlib.lib : adc.obj (.text:ADCIntClear)
                  0000111e    0000000a                   : uart.obj (.text:UARTCharPut)
                  00001128    0000000a                   : uart.obj (.text:UARTFIFODisable)
                  00001132    0000000a                   : uart.obj (.text:UARTIntStatus)
                  0000113c    00000008                   : uart.obj (.text:UARTIntEnable)
                  00001144    00000006                   : gpio.obj (.text:GPIOPinWrite)
                  0000114a    00000006                   : sysctl.obj (.text:SysCtlDelay)
                  00001150    00000004                   : uart.obj (.text:UARTIntClear)
                  00001154    00000004     rtsv7M4_T_le_v4SPD16_eabi.lib : pre_init.c.obj (.text:_system_pre_init)
                  00001158    00000004                                   : exit.c.obj (.text:abort:abort)

.const     0    0000115c    0000016c     
                  0000115c    00000090     driverlib.lib : gpio.obj (.const:g_pui32GPIOBaseAddrs)
                  000011ec    00000070                   : interrupt.obj (.const)
                  0000125c    0000006c                   : sysctl.obj (.const:g_pui32Xtals)

.cinit     0    000012c8    00000030     
                  000012c8    0000000c     (__TI_handler_table)
                  000012d4    00000009     (.cinit..data.load) [load image, compression = lzss]
                  000012dd    00000003     --HOLE-- [fill = 0]
                  000012e0    00000008     (.cinit..bss.load) [load image, compression = zero_init]
                  000012e8    00000010     (__TI_cinit_table)

.init_array 
*          0    00000000    00000000     UNINITIALIZED

.data      0    20000200    000000fc     UNINITIALIZED
                  20000200    00000064     sanitze_cfg.obj (.data:sanitize_serial_in_cfg)
                  20000264    00000064     sanitze_cfg.obj (.data:serial_in_cfg)
                  200002c8    00000023     uart_mgr.obj (.data:indata)
                  200002eb    00000001     uart_mgr.obj (.data)
                  200002ec    00000010     analog_mgr.obj (.data:adc_value)

.bss       0    200002fc    00000004     UNINITIALIZED
                  200002fc    00000001     (.common:cnt)
                  200002fd    00000001     (.common:i)
                  200002fe    00000001     (.common:j)
                  200002ff    00000001     (.common:read_index)

.stack     0    20000000    00000200     UNINITIALIZED
                  20000000    00000004     rtsv7M4_T_le_v4SPD16_eabi.lib : boot_cortex_m.c.obj (.stack)
                  20000004    000001fc     --HOLE--

MODULE SUMMARY

       Module                         code   ro data   rw data
       ------                         ----   -------   -------
    ./
       relay_mgr.obj                  636    0         0      
       tm4c123gh6pm_startup_ccs.obj   12     620       0      
       uart_mgr.obj                   460    0         37     
       sanitze_cfg.obj                204    0         203    
       analog_mgr.obj                 160    0         16     
       main.obj                       120    0         0      
    +--+------------------------------+------+---------+---------+
       Total:                         1592   620       256    
                                                              
    /home/rufusy/ti/ccsv8/tools/compiler/ti-cgt-arm_18.1.4.LTS/lib/rtsv7M4_T_le_v4SPD16_eabi.lib
       memcpy_t2.asm.obj              156    0         0      
       copy_decompress_lzss.c.obj     104    0         0      
       autoinit.c.obj                 68     0         0      
       boot_cortex_m.c.obj            56     0         0      
       strcmp.c.obj                   24     0         0      
       strcpy.c.obj                   20     0         0      
       strlen.c.obj                   20     0         0      
       copy_zero_init.c.obj           18     0         0      
       copy_decompress_none.c.obj     14     0         0      
       exit.c.obj                     4      0         0      
       pre_init.c.obj                 4      0         0      
    +--+------------------------------+------+---------+---------+
       Total:                         488    0         0      
                                                              
    /home/rufusy/tiva_sw/driverlib/ccs/Debug/driverlib.lib
       sysctl.obj                     574    108       0      
       gpio.obj                       486    144       0      
       adc.obj                        326    0         0      
       interrupt.obj                  120    112       0      
       uart.obj                       220    0         0      
       cpu.obj                        12     0         0      
    +--+------------------------------+------+---------+---------+
       Total:                         1738   364       0      
                                                              
       Stack:                         0      0         512    
       Linker Generated:              0      45        0      
    +--+------------------------------+------+---------+---------+
       Grand Total:                   3818   1029      768    


LINKER GENERATED COPY TABLES

__TI_cinit_table @ 000012e8 records: 2, size/record: 8, table size: 16
	.data: load addr=000012d4, load size=00000009 bytes, run addr=20000200, run size=000000fc bytes, compression=lzss
	.bss: load addr=000012e0, load size=00000008 bytes, run addr=200002fc, run size=00000004 bytes, compression=zero_init


LINKER GENERATED HANDLER TABLE

__TI_handler_table @ 000012c8 records: 3, size/record: 4, table size: 12
	index: 0, handler: __TI_decompress_lzss
	index: 1, handler: __TI_decompress_none
	index: 2, handler: __TI_zero_init


GLOBAL SYMBOLS: SORTED ALPHABETICALLY BY Name 

address   name                          
-------   ----                          
00001115  ADCIntClear                   
00000f49  ADCIntStatus                  
00000fdf  ADCProcessorTrigger           
00000db9  ADCSequenceConfigure          
00000fc1  ADCSequenceDataGet            
000010a9  ADCSequenceEnable             
00000bf5  ADCSequenceStepConfigure      
00001159  C$$EXIT                       
000010fd  CPUcpsie                      
00000f77  GPIODirModeSet                
000006b5  GPIOPadConfigSet              
00000e09  GPIOPinConfigure              
00001063  GPIOPinTypeADC                
00000ff7  GPIOPinTypeGPIOOutput         
00001075  GPIOPinTypeUART               
00001145  GPIOPinWrite                  
00000ce9  IntEnable                     
00001099  IntMasterEnable               
00001109  ResetISR                      
000007e9  SysCtlClockGet                
000008f9  SysCtlClockSet                
0000114b  SysCtlDelay                   
00000f15  SysCtlPeripheralEnable        
000010b7  UARTCharGetNonBlocking        
0000111f  UARTCharPut                   
000010c5  UARTCharPutNonBlocking        
000010d3  UARTCharsAvail                
00000e51  UARTConfigSetExpClk           
00000fa1  UARTDisable                   
00001027  UARTEnable                    
00001129  UARTFIFODisable               
00001151  UARTIntClear                  
0000113d  UARTIntEnable                 
00000649  UARTIntHandler                
00001133  UARTIntStatus                 
000010e1  UARTSpaceAvail                
20000200  __STACK_END                   
00000200  __STACK_SIZE                  
20000200  __STACK_TOP                   
000012e8  __TI_CINIT_Base               
000012f8  __TI_CINIT_Limit              
000012c8  __TI_Handler_Table_Base       
000012d4  __TI_Handler_Table_Limit      
00000e99  __TI_auto_init_nobinit_nopinit
00000d51  __TI_decompress_lzss          
000010ef  __TI_decompress_none          
ffffffff  __TI_pprof_out_hndl           
ffffffff  __TI_prof_data_size           
ffffffff  __TI_prof_data_start          
00000000  __TI_static_base__            
00001087  __TI_zero_init_nomemset       
00000b59  __aeabi_memcpy                
00000b59  __aeabi_memcpy4               
00000b59  __aeabi_memcpy8               
ffffffff  __binit__                     
ffffffff  __c_args__                    
UNDEFED   __mpu_init                    
20000000  __stack                       
00000edd  _c_int00_noargs               
UNDEFED   _system_post_cinit            
00001155  _system_pre_init              
00001159  abort                         
00000ab9  adc_init                      
00000b17  adc_sample                    
200002ec  adc_value                     
ffffffff  binit                         
200002fc  cnt                           
00000000  g_pfnVectors                  
000009ed  get_serial_in                 
200002fd  i                             
200002c8  indata                        
200002fe  j                             
00000c71  main                          
00000b59  memcpy                        
200002eb  read_flag                     
200002ff  read_index                    
00000315  relay_1                       
0000034d  relay_2                       
00000385  relay_3                       
000003bd  relay_4                       
000003f5  relay_5                       
000002b7  relay_nit                     
0000026d  relay_select                  
00000a13  sanitize_serial_in            
20000200  sanitize_serial_in_cfg        
000004e9  serial_comm_init              
20000264  serial_in_cfg                 
000005e9  serial_print                  
00000569  serial_read                   
0000100f  strcmp                        
0000103b  strcpy                        
0000104f  strlen                        


GLOBAL SYMBOLS: SORTED BY Symbol Address 

address   name                          
-------   ----                          
00000000  __TI_static_base__            
00000000  g_pfnVectors                  
00000200  __STACK_SIZE                  
0000026d  relay_select                  
000002b7  relay_nit                     
00000315  relay_1                       
0000034d  relay_2                       
00000385  relay_3                       
000003bd  relay_4                       
000003f5  relay_5                       
000004e9  serial_comm_init              
00000569  serial_read                   
000005e9  serial_print                  
00000649  UARTIntHandler                
000006b5  GPIOPadConfigSet              
000007e9  SysCtlClockGet                
000008f9  SysCtlClockSet                
000009ed  get_serial_in                 
00000a13  sanitize_serial_in            
00000ab9  adc_init                      
00000b17  adc_sample                    
00000b59  __aeabi_memcpy                
00000b59  __aeabi_memcpy4               
00000b59  __aeabi_memcpy8               
00000b59  memcpy                        
00000bf5  ADCSequenceStepConfigure      
00000c71  main                          
00000ce9  IntEnable                     
00000d51  __TI_decompress_lzss          
00000db9  ADCSequenceConfigure          
00000e09  GPIOPinConfigure              
00000e51  UARTConfigSetExpClk           
00000e99  __TI_auto_init_nobinit_nopinit
00000edd  _c_int00_noargs               
00000f15  SysCtlPeripheralEnable        
00000f49  ADCIntStatus                  
00000f77  GPIODirModeSet                
00000fa1  UARTDisable                   
00000fc1  ADCSequenceDataGet            
00000fdf  ADCProcessorTrigger           
00000ff7  GPIOPinTypeGPIOOutput         
0000100f  strcmp                        
00001027  UARTEnable                    
0000103b  strcpy                        
0000104f  strlen                        
00001063  GPIOPinTypeADC                
00001075  GPIOPinTypeUART               
00001087  __TI_zero_init_nomemset       
00001099  IntMasterEnable               
000010a9  ADCSequenceEnable             
000010b7  UARTCharGetNonBlocking        
000010c5  UARTCharPutNonBlocking        
000010d3  UARTCharsAvail                
000010e1  UARTSpaceAvail                
000010ef  __TI_decompress_none          
000010fd  CPUcpsie                      
00001109  ResetISR                      
00001115  ADCIntClear                   
0000111f  UARTCharPut                   
00001129  UARTFIFODisable               
00001133  UARTIntStatus                 
0000113d  UARTIntEnable                 
00001145  GPIOPinWrite                  
0000114b  SysCtlDelay                   
00001151  UARTIntClear                  
00001155  _system_pre_init              
00001159  C$$EXIT                       
00001159  abort                         
000012c8  __TI_Handler_Table_Base       
000012d4  __TI_Handler_Table_Limit      
000012e8  __TI_CINIT_Base               
000012f8  __TI_CINIT_Limit              
20000000  __stack                       
20000200  __STACK_END                   
20000200  __STACK_TOP                   
20000200  sanitize_serial_in_cfg        
20000264  serial_in_cfg                 
200002c8  indata                        
200002eb  read_flag                     
200002ec  adc_value                     
200002fc  cnt                           
200002fd  i                             
200002fe  j                             
200002ff  read_index                    
ffffffff  __TI_pprof_out_hndl           
ffffffff  __TI_prof_data_size           
ffffffff  __TI_prof_data_start          
ffffffff  __binit__                     
ffffffff  __c_args__                    
ffffffff  binit                         
UNDEFED   __mpu_init                    
UNDEFED   _system_post_cinit            

[92 symbols]
