******************************************************************************
                  TI ARM Linker Unix v18.1.4                   
******************************************************************************
>> Linked Wed Apr 17 00:16:13 2019

OUTPUT FILE NAME:   <WIFIRelayBoard.out>
ENTRY POINT SYMBOL: "_c_int00_noargs"  address: 00000a8d


MEMORY CONFIGURATION

         name            origin    length      used     unused   attr    fill
----------------------  --------  ---------  --------  --------  ----  --------
  FLASH                 00000000   00040000  00000dda  0003f226  R  X
  SRAM                  20000000   00008000  000002d4  00007d2c  RW X


SEGMENT ALLOCATION MAP

run origin  load origin   length   init length attrs members
----------  ----------- ---------- ----------- ----- -------
00000000    00000000    00000ddc   00000ddc    r-x
  00000000    00000000    0000026c   0000026c    r-- .intvecs
  0000026c    0000026c    000009ee   000009ee    r-x .text
  00000c5c    00000c5c    0000016c   0000016c    r-- .const
  00000dc8    00000dc8    00000014   00000014    r-- .cinit
20000000    20000000    000002d4   00000000    rw-
  20000000    20000000    00000200   00000000    rw- .stack
  20000200    20000200    000000d4   00000000    rw- .bss


SECTION ALLOCATION MAP

 output                                  attributes/
section   page    origin      length       input sections
--------  ----  ----------  ----------   ----------------
.intvecs   0    00000000    0000026c     
                  00000000    0000026c     tm4c123gh6pm_startup_ccs.obj (.intvecs)

.text      0    0000026c    000009ee     
                  0000026c    00000178     buffer.obj (.text)
                  000003e4    00000132     driverlib.lib : gpio.obj (.text:GPIOPadConfigSet)
                  00000516    00000002     --HOLE-- [fill = 0]
                  00000518    00000110                   : sysctl.obj (.text:SysCtlClockGet)
                  00000628    000000f8     main.obj (.text)
                  00000720    000000f4     driverlib.lib : sysctl.obj (.text:SysCtlClockSet)
                  00000814    000000c0     sanitze_cfg.obj (.text)
                  000008d4    0000007c     io_management.obj (.text)
                  00000950    00000068     driverlib.lib : interrupt.obj (.text:IntEnable)
                  000009b8    00000048                   : gpio.obj (.text:GPIOPinConfigure)
                  00000a00    00000046                   : uart.obj (.text:UARTConfigSetExpClk)
                  00000a46    00000002     --HOLE-- [fill = 0]
                  00000a48    00000044     rtsv7M4_T_le_v4SPD16_eabi.lib : autoinit.c.obj (.text:__TI_auto_init_nobinit_nopinit:__TI_auto_init_nobinit_nopinit)
                  00000a8c    00000038                                   : boot_cortex_m.c.obj (.text:_c_int00_noargs:_c_int00_noargs)
                  00000ac4    00000034     driverlib.lib : sysctl.obj (.text:SysCtlPeripheralEnable)
                  00000af8    0000002a                   : gpio.obj (.text:GPIODirModeSet)
                  00000b22    00000002     --HOLE-- [fill = 0]
                  00000b24    00000020                   : uart.obj (.text:UARTDisable)
                  00000b44    00000018                   : gpio.obj (.text:GPIOPinTypeGPIOOutput)
                  00000b5c    00000018     rtsv7M4_T_le_v4SPD16_eabi.lib : strcmp.c.obj (.text:strcmp)
                  00000b74    00000014     driverlib.lib : uart.obj (.text:UARTEnable)
                  00000b88    00000014     rtsv7M4_T_le_v4SPD16_eabi.lib : strcpy.c.obj (.text:strcpy)
                  00000b9c    00000014                                   : strlen.c.obj (.text:strlen)
                  00000bb0    00000012     driverlib.lib : gpio.obj (.text:GPIOPinTypeUART)
                  00000bc2    00000012     rtsv7M4_T_le_v4SPD16_eabi.lib : copy_zero_init.c.obj (.text:decompress:ZI:__TI_zero_init_nomemset:__TI_zero_init_nomemset)
                  00000bd4    00000010     driverlib.lib : interrupt.obj (.text:IntMasterEnable)
                  00000be4    0000000e                   : uart.obj (.text:UARTCharGetNonBlocking)
                  00000bf2    0000000e                   : uart.obj (.text:UARTCharPutNonBlocking)
                  00000c00    0000000e                   : uart.obj (.text:UARTCharsAvail)
                  00000c0e    0000000c                   : cpu.obj (.text:CPUcpsie)
                  00000c1a    0000000c     tm4c123gh6pm_startup_ccs.obj (.text)
                  00000c26    0000000a     driverlib.lib : uart.obj (.text:UARTCharPut)
                  00000c30    0000000a                   : uart.obj (.text:UARTIntStatus)
                  00000c3a    00000008                   : uart.obj (.text:UARTIntEnable)
                  00000c42    00000006                   : gpio.obj (.text:GPIOPinWrite)
                  00000c48    00000006                   : sysctl.obj (.text:SysCtlDelay)
                  00000c4e    00000004                   : uart.obj (.text:UARTIntClear)
                  00000c52    00000004     rtsv7M4_T_le_v4SPD16_eabi.lib : pre_init.c.obj (.text:_system_pre_init)
                  00000c56    00000004                                   : exit.c.obj (.text:abort:abort)

.const     0    00000c5c    0000016c     
                  00000c5c    00000090     driverlib.lib : gpio.obj (.const:g_pui32GPIOBaseAddrs)
                  00000cec    00000070                   : interrupt.obj (.const)
                  00000d5c    0000006c                   : sysctl.obj (.const:g_pui32Xtals)

.cinit     0    00000dc8    00000014     
                  00000dc8    00000008     (.cinit..bss.load) [load image, compression = zero_init]
                  00000dd0    00000004     (__TI_handler_table)
                  00000dd4    00000008     (__TI_cinit_table)

.init_array 
*          0    00000000    00000000     UNINITIALIZED

.bss       0    20000200    000000d4     UNINITIALIZED
                  20000200    00000064     (.common:sanitize_serial_in_cfg)
                  20000264    00000064     (.common:serial_in_cfg)
                  200002c8    00000004     (.common:cnt)
                  200002cc    00000004     (.common:i)
                  200002d0    00000004     (.common:j)

.stack     0    20000000    00000200     UNINITIALIZED
                  20000000    00000004     rtsv7M4_T_le_v4SPD16_eabi.lib : boot_cortex_m.c.obj (.stack)
                  20000004    000001fc     --HOLE--

MODULE SUMMARY

       Module                         code   ro data   rw data
       ------                         ----   -------   -------
    ./
       tm4c123gh6pm_startup_ccs.obj   12     620       0      
       buffer.obj                     376    0         212    
       main.obj                       248    0         0      
       sanitze_cfg.obj                192    0         0      
       io_management.obj              124    0         0      
    +--+------------------------------+------+---------+---------+
       Total:                         952    620       212    
                                                              
    /home/rufusy/ti/ccsv8/tools/compiler/ti-cgt-arm_18.1.4.LTS/lib/rtsv7M4_T_le_v4SPD16_eabi.lib
       autoinit.c.obj                 68     0         0      
       boot_cortex_m.c.obj            56     0         0      
       strcmp.c.obj                   24     0         0      
       strcpy.c.obj                   20     0         0      
       strlen.c.obj                   20     0         0      
       copy_zero_init.c.obj           18     0         0      
       exit.c.obj                     4      0         0      
       pre_init.c.obj                 4      0         0      
    +--+------------------------------+------+---------+---------+
       Total:                         214    0         0      
                                                              
    /home/rufusy/tiva_sw/driverlib/ccs/Debug/driverlib.lib
       sysctl.obj                     574    108       0      
       gpio.obj                       468    144       0      
       interrupt.obj                  120    112       0      
       uart.obj                       196    0         0      
       cpu.obj                        12     0         0      
    +--+------------------------------+------+---------+---------+
       Total:                         1370   364       0      
                                                              
       Stack:                         0      0         512    
       Linker Generated:              0      20        0      
    +--+------------------------------+------+---------+---------+
       Grand Total:                   2536   1004      724    


LINKER GENERATED COPY TABLES

__TI_cinit_table @ 00000dd4 records: 1, size/record: 8, table size: 8
	.bss: load addr=00000dc8, load size=00000008 bytes, run addr=20000200, run size=000000d4 bytes, compression=zero_init


LINKER GENERATED HANDLER TABLE

__TI_handler_table @ 00000dd0 records: 1, size/record: 4, table size: 4
	index: 0, handler: __TI_zero_init


GLOBAL SYMBOLS: SORTED ALPHABETICALLY BY Name 

address   name                          
-------   ----                          
00000c57  C$$EXIT                       
00000c0f  CPUcpsie                      
00000af9  GPIODirModeSet                
000003e5  GPIOPadConfigSet              
000009b9  GPIOPinConfigure              
00000b45  GPIOPinTypeGPIOOutput         
00000bb1  GPIOPinTypeUART               
00000c43  GPIOPinWrite                  
00000951  IntEnable                     
00000bd5  IntMasterEnable               
00000903  LED_blink                     
000008e7  LED_off                       
000008f5  LED_on                        
00000c1b  ResetISR                      
00000519  SysCtlClockGet                
00000721  SysCtlClockSet                
00000c49  SysCtlDelay                   
00000ac5  SysCtlPeripheralEnable        
00000be5  UARTCharGetNonBlocking        
00000c27  UARTCharPut                   
00000bf3  UARTCharPutNonBlocking        
00000c01  UARTCharsAvail                
00000a01  UARTConfigSetExpClk           
00000b25  UARTDisable                   
00000b75  UARTEnable                    
00000c4f  UARTIntClear                  
00000c3b  UARTIntEnable                 
00000387  UARTIntHandler                
00000c31  UARTIntStatus                 
20000200  __STACK_END                   
00000200  __STACK_SIZE                  
20000200  __STACK_TOP                   
00000dd4  __TI_CINIT_Base               
00000ddc  __TI_CINIT_Limit              
00000dd0  __TI_Handler_Table_Base       
00000dd4  __TI_Handler_Table_Limit      
00000a49  __TI_auto_init_nobinit_nopinit
ffffffff  __TI_pprof_out_hndl           
ffffffff  __TI_prof_data_size           
ffffffff  __TI_prof_data_start          
00000000  __TI_static_base__            
00000bc3  __TI_zero_init_nomemset       
ffffffff  __binit__                     
ffffffff  __c_args__                    
UNDEFED   __mpu_init                    
20000000  __stack                       
00000a8d  _c_int00_noargs               
UNDEFED   _system_post_cinit            
00000c53  _system_pre_init              
00000c57  abort                         
ffffffff  binit                         
00000317  buf_get_byte                  
000002f9  buf_isempty                   
000002cb  buf_isfull                    
00000293  buf_len                       
0000034f  buf_put_byte                  
0000026d  buf_reset                     
200002c8  cnt                           
00000000  g_pfnVectors                  
00000815  get_serial_in                 
200002cc  i                             
000008d5  io_manager_int                
200002d0  j                             
00000629  main                          
00000821  sanitize_serial_in            
20000200  sanitize_serial_in_cfg        
20000264  serial_in_cfg                 
00000b5d  strcmp                        
00000b89  strcpy                        
00000b9d  strlen                        


GLOBAL SYMBOLS: SORTED BY Symbol Address 

address   name                          
-------   ----                          
00000000  __TI_static_base__            
00000000  g_pfnVectors                  
00000200  __STACK_SIZE                  
0000026d  buf_reset                     
00000293  buf_len                       
000002cb  buf_isfull                    
000002f9  buf_isempty                   
00000317  buf_get_byte                  
0000034f  buf_put_byte                  
00000387  UARTIntHandler                
000003e5  GPIOPadConfigSet              
00000519  SysCtlClockGet                
00000629  main                          
00000721  SysCtlClockSet                
00000815  get_serial_in                 
00000821  sanitize_serial_in            
000008d5  io_manager_int                
000008e7  LED_off                       
000008f5  LED_on                        
00000903  LED_blink                     
00000951  IntEnable                     
000009b9  GPIOPinConfigure              
00000a01  UARTConfigSetExpClk           
00000a49  __TI_auto_init_nobinit_nopinit
00000a8d  _c_int00_noargs               
00000ac5  SysCtlPeripheralEnable        
00000af9  GPIODirModeSet                
00000b25  UARTDisable                   
00000b45  GPIOPinTypeGPIOOutput         
00000b5d  strcmp                        
00000b75  UARTEnable                    
00000b89  strcpy                        
00000b9d  strlen                        
00000bb1  GPIOPinTypeUART               
00000bc3  __TI_zero_init_nomemset       
00000bd5  IntMasterEnable               
00000be5  UARTCharGetNonBlocking        
00000bf3  UARTCharPutNonBlocking        
00000c01  UARTCharsAvail                
00000c0f  CPUcpsie                      
00000c1b  ResetISR                      
00000c27  UARTCharPut                   
00000c31  UARTIntStatus                 
00000c3b  UARTIntEnable                 
00000c43  GPIOPinWrite                  
00000c49  SysCtlDelay                   
00000c4f  UARTIntClear                  
00000c53  _system_pre_init              
00000c57  C$$EXIT                       
00000c57  abort                         
00000dd0  __TI_Handler_Table_Base       
00000dd4  __TI_CINIT_Base               
00000dd4  __TI_Handler_Table_Limit      
00000ddc  __TI_CINIT_Limit              
20000000  __stack                       
20000200  __STACK_END                   
20000200  __STACK_TOP                   
20000200  sanitize_serial_in_cfg        
20000264  serial_in_cfg                 
200002c8  cnt                           
200002cc  i                             
200002d0  j                             
ffffffff  __TI_pprof_out_hndl           
ffffffff  __TI_prof_data_size           
ffffffff  __TI_prof_data_start          
ffffffff  __binit__                     
ffffffff  __c_args__                    
ffffffff  binit                         
UNDEFED   __mpu_init                    
UNDEFED   _system_post_cinit            

[70 symbols]
