******************************************************************************
                  TI ARM Linker Unix v18.1.4                   
******************************************************************************
>> Linked Tue May 14 00:47:59 2019

OUTPUT FILE NAME:   <WIFIRelayBoard.out>
ENTRY POINT SYMBOL: "_c_int00_noargs"  address: 00001301


MEMORY CONFIGURATION

         name            origin    length      used     unused   attr    fill
----------------------  --------  ---------  --------  --------  ----  --------
  FLASH                 00000000   00040000  00001730  0003e8d0  R  X
  SRAM                  20000000   00008000  00000308  00007cf8  RW X


SEGMENT ALLOCATION MAP

run origin  load origin   length   init length attrs members
----------  ----------- ---------- ----------- ----- -------
00000000    00000000    00001730   00001730    r-x
  00000000    00000000    0000026c   0000026c    r-- .intvecs
  0000026c    0000026c    00001328   00001328    r-x .text
  00001594    00001594    0000016c   0000016c    r-- .const
  00001700    00001700    00000030   00000030    r-- .cinit
20000000    20000000    00000308   00000000    rw-
  20000000    20000000    00000200   00000000    rw- .stack
  20000200    20000200    000000fc   00000000    rw- .data
  200002fc    200002fc    0000000c   00000000    rw- .bss


SECTION ALLOCATION MAP

 output                                  attributes/
section   page    origin      length       input sections
--------  ----  ----------  ----------   ----------------
.intvecs   0    00000000    0000026c     
                  00000000    0000026c     tm4c123gh6pm_startup_ccs.obj (.intvecs)

.text      0    0000026c    00001328     
                  0000026c    000002bc     relay_mgr.obj (.text)
                  00000528    00000254     io_mgr.obj (.text)
                  0000077c    00000240     analog_mgr.obj (.text)
                  000009bc    000001ac     uart_mgr.obj (.text)
                  00000b68    00000132     driverlib.lib : gpio.obj (.text:GPIOPadConfigSet)
                  00000c9a    00000002     --HOLE-- [fill = 0]
                  00000c9c    00000110                   : sysctl.obj (.text:SysCtlClockGet)
                  00000dac    000000f4                   : sysctl.obj (.text:SysCtlClockSet)
                  00000ea0    000000cc     sanitze_cfg.obj (.text)
                  00000f6c    0000009c     rtsv7M4_T_le_v4SPD16_eabi.lib : memcpy_t2.asm.obj (.text)
                  00001008    00000088     main.obj (.text)
                  00001090    0000007a     driverlib.lib : adc.obj (.text:ADCSequenceStepConfigure)
                  0000110a    00000002     --HOLE-- [fill = 0]
                  0000110c    00000068                   : interrupt.obj (.text:IntEnable)
                  00001174    00000068     rtsv7M4_T_le_v4SPD16_eabi.lib : copy_decompress_lzss.c.obj (.text:decompress:lzss:__TI_decompress_lzss)
                  000011dc    00000050     driverlib.lib : adc.obj (.text:ADCSequenceConfigure)
                  0000122c    00000048                   : gpio.obj (.text:GPIOPinConfigure)
                  00001274    00000046                   : uart.obj (.text:UARTConfigSetExpClk)
                  000012ba    00000002     --HOLE-- [fill = 0]
                  000012bc    00000044     rtsv7M4_T_le_v4SPD16_eabi.lib : autoinit.c.obj (.text:__TI_auto_init_nobinit_nopinit:__TI_auto_init_nobinit_nopinit)
                  00001300    00000038                                   : boot_cortex_m.c.obj (.text:_c_int00_noargs:_c_int00_noargs)
                  00001338    00000034     driverlib.lib : sysctl.obj (.text:SysCtlPeripheralEnable)
                  0000136c    0000002e                   : adc.obj (.text:ADCIntStatus)
                  0000139a    0000002a                   : gpio.obj (.text:GPIODirModeSet)
                  000013c4    00000020                   : uart.obj (.text:UARTDisable)
                  000013e4    00000020     tm4c123gh6pm_startup_ccs.obj (.text)
                  00001404    0000001e     driverlib.lib : adc.obj (.text:ADCSequenceDataGet)
                  00001422    00000018                   : adc.obj (.text:ADCProcessorTrigger)
                  0000143a    00000018                   : gpio.obj (.text:GPIOPinTypeGPIOOutput)
                  00001452    00000018     rtsv7M4_T_le_v4SPD16_eabi.lib : strcmp.c.obj (.text:strcmp)
                  0000146a    00000014     driverlib.lib : uart.obj (.text:UARTEnable)
                  0000147e    00000014     rtsv7M4_T_le_v4SPD16_eabi.lib : strcpy.c.obj (.text:strcpy)
                  00001492    00000014                                   : strlen.c.obj (.text:strlen)
                  000014a6    00000012     driverlib.lib : gpio.obj (.text:GPIOPinTypeADC)
                  000014b8    00000012                   : gpio.obj (.text:GPIOPinTypeUART)
                  000014ca    00000012     rtsv7M4_T_le_v4SPD16_eabi.lib : copy_zero_init.c.obj (.text:decompress:ZI:__TI_zero_init_nomemset:__TI_zero_init_nomemset)
                  000014dc    00000010     driverlib.lib : interrupt.obj (.text:IntMasterEnable)
                  000014ec    0000000e                   : adc.obj (.text:ADCSequenceEnable)
                  000014fa    0000000e                   : uart.obj (.text:UARTCharGetNonBlocking)
                  00001508    0000000e                   : uart.obj (.text:UARTCharPutNonBlocking)
                  00001516    0000000e                   : uart.obj (.text:UARTCharsAvail)
                  00001524    0000000e                   : uart.obj (.text:UARTSpaceAvail)
                  00001532    0000000e     rtsv7M4_T_le_v4SPD16_eabi.lib : copy_decompress_none.c.obj (.text:decompress:none:__TI_decompress_none)
                  00001540    0000000c     driverlib.lib : cpu.obj (.text:CPUcpsie)
                  0000154c    0000000a                   : adc.obj (.text:ADCIntClear)
                  00001556    0000000a                   : uart.obj (.text:UARTCharPut)
                  00001560    0000000a                   : uart.obj (.text:UARTFIFODisable)
                  0000156a    0000000a                   : uart.obj (.text:UARTIntStatus)
                  00001574    00000008                   : uart.obj (.text:UARTIntEnable)
                  0000157c    00000006                   : gpio.obj (.text:GPIOPinWrite)
                  00001582    00000006                   : sysctl.obj (.text:SysCtlDelay)
                  00001588    00000004                   : uart.obj (.text:UARTIntClear)
                  0000158c    00000004     rtsv7M4_T_le_v4SPD16_eabi.lib : pre_init.c.obj (.text:_system_pre_init)
                  00001590    00000004                                   : exit.c.obj (.text:abort:abort)

.const     0    00001594    0000016c     
                  00001594    00000090     driverlib.lib : gpio.obj (.const:g_pui32GPIOBaseAddrs)
                  00001624    00000070                   : interrupt.obj (.const)
                  00001694    0000006c                   : sysctl.obj (.const:g_pui32Xtals)

.cinit     0    00001700    00000030     
                  00001700    0000000c     (__TI_handler_table)
                  0000170c    00000009     (.cinit..data.load) [load image, compression = lzss]
                  00001715    00000003     --HOLE-- [fill = 0]
                  00001718    00000008     (.cinit..bss.load) [load image, compression = zero_init]
                  00001720    00000010     (__TI_cinit_table)

.init_array 
*          0    00000000    00000000     UNINITIALIZED

.data      0    20000200    000000fc     UNINITIALIZED
                  20000200    00000064     sanitze_cfg.obj (.data:sanitize_serial_in_cfg)
                  20000264    00000064     sanitze_cfg.obj (.data:serial_in_cfg)
                  200002c8    00000023     uart_mgr.obj (.data:indata)
                  200002eb    00000001     uart_mgr.obj (.data)
                  200002ec    00000010     analog_mgr.obj (.data:adc_value)

.bss       0    200002fc    0000000c     UNINITIALIZED
                  200002fc    00000004     (.common:lower_threshold)
                  20000300    00000004     (.common:upper_threshold)
                  20000304    00000001     (.common:cnt)
                  20000305    00000001     (.common:i)
                  20000306    00000001     (.common:j)
                  20000307    00000001     (.common:read_index)

.stack     0    20000000    00000200     UNINITIALIZED
                  20000000    00000004     rtsv7M4_T_le_v4SPD16_eabi.lib : boot_cortex_m.c.obj (.stack)
                  20000004    000001fc     --HOLE--

MODULE SUMMARY

       Module                         code   ro data   rw data
       ------                         ----   -------   -------
    ./
       relay_mgr.obj                  700    0         0      
       tm4c123gh6pm_startup_ccs.obj   32     620       0      
       analog_mgr.obj                 576    0         24     
       io_mgr.obj                     596    0         0      
       uart_mgr.obj                   428    0         37     
       sanitze_cfg.obj                204    0         203    
       main.obj                       136    0         0      
    +--+------------------------------+------+---------+---------+
       Total:                         2672   620       264    
                                                              
    /home/rufusy/ti/ccsv8/tools/compiler/ti-cgt-arm_18.1.4.LTS/lib/rtsv7M4_T_le_v4SPD16_eabi.lib
       memcpy_t2.asm.obj              156    0         0      
       copy_decompress_lzss.c.obj     104    0         0      
       autoinit.c.obj                 68     0         0      
       boot_cortex_m.c.obj            56     0         0      
       strcmp.c.obj                   24     0         0      
       strcpy.c.obj                   20     0         0      
       strlen.c.obj                   20     0         0      
       copy_zero_init.c.obj           18     0         0      
       copy_decompress_none.c.obj     14     0         0      
       exit.c.obj                     4      0         0      
       pre_init.c.obj                 4      0         0      
    +--+------------------------------+------+---------+---------+
       Total:                         488    0         0      
                                                              
    /home/rufusy/tiva_sw/driverlib/ccs/Debug/driverlib.lib
       sysctl.obj                     574    108       0      
       gpio.obj                       486    144       0      
       adc.obj                        326    0         0      
       interrupt.obj                  120    112       0      
       uart.obj                       220    0         0      
       cpu.obj                        12     0         0      
    +--+------------------------------+------+---------+---------+
       Total:                         1738   364       0      
                                                              
       Stack:                         0      0         512    
       Linker Generated:              0      45        0      
    +--+------------------------------+------+---------+---------+
       Grand Total:                   4898   1029      776    


LINKER GENERATED COPY TABLES

__TI_cinit_table @ 00001720 records: 2, size/record: 8, table size: 16
	.data: load addr=0000170c, load size=00000009 bytes, run addr=20000200, run size=000000fc bytes, compression=lzss
	.bss: load addr=00001718, load size=00000008 bytes, run addr=200002fc, run size=0000000c bytes, compression=zero_init


LINKER GENERATED HANDLER TABLE

__TI_handler_table @ 00001700 records: 3, size/record: 4, table size: 12
	index: 0, handler: __TI_decompress_lzss
	index: 1, handler: __TI_decompress_none
	index: 2, handler: __TI_zero_init


GLOBAL SYMBOLS: SORTED ALPHABETICALLY BY Name 

address   name                          
-------   ----                          
0000154d  ADCIntClear                   
0000136d  ADCIntStatus                  
00001423  ADCProcessorTrigger           
000011dd  ADCSequenceConfigure          
00001405  ADCSequenceDataGet            
000014ed  ADCSequenceEnable             
00001091  ADCSequenceStepConfigure      
00001591  C$$EXIT                       
00001541  CPUcpsie                      
0000139b  GPIODirModeSet                
00000b69  GPIOPadConfigSet              
0000122d  GPIOPinConfigure              
000014a7  GPIOPinTypeADC                
0000143b  GPIOPinTypeGPIOOutput         
000014b9  GPIOPinTypeUART               
0000157d  GPIOPinWrite                  
0000110d  IntEnable                     
000014dd  IntMasterEnable               
000013e5  ResetISR                      
00000c9d  SysCtlClockGet                
00000dad  SysCtlClockSet                
00001583  SysCtlDelay                   
00001339  SysCtlPeripheralEnable        
000014fb  UARTCharGetNonBlocking        
00001557  UARTCharPut                   
00001509  UARTCharPutNonBlocking        
00001517  UARTCharsAvail                
00001275  UARTConfigSetExpClk           
000013c5  UARTDisable                   
0000146b  UARTEnable                    
00001561  UARTFIFODisable               
00001589  UARTIntClear                  
00001575  UARTIntEnable                 
00000b1b  UARTIntHandler                
0000156b  UARTIntStatus                 
00001525  UARTSpaceAvail                
20000200  __STACK_END                   
00000200  __STACK_SIZE                  
20000200  __STACK_TOP                   
00001720  __TI_CINIT_Base               
00001730  __TI_CINIT_Limit              
00001700  __TI_Handler_Table_Base       
0000170c  __TI_Handler_Table_Limit      
000012bd  __TI_auto_init_nobinit_nopinit
00001175  __TI_decompress_lzss          
00001533  __TI_decompress_none          
ffffffff  __TI_pprof_out_hndl           
ffffffff  __TI_prof_data_size           
ffffffff  __TI_prof_data_start          
00000000  __TI_static_base__            
000014cb  __TI_zero_init_nomemset       
00000f6d  __aeabi_memcpy                
00000f6d  __aeabi_memcpy4               
00000f6d  __aeabi_memcpy8               
ffffffff  __binit__                     
ffffffff  __c_args__                    
UNDEFED   __mpu_init                    
20000000  __stack                       
00001301  _c_int00_noargs               
UNDEFED   _system_post_cinit            
0000158d  _system_pre_init              
00001591  abort                         
0000077d  adc_init                      
000007db  adc_sample                    
00000807  adc_select                    
200002ec  adc_value                     
00000843  analog_1                      
0000086f  analog_2                      
0000089b  analog_3                      
000008c7  analog_4                      
000008f3  analog_relay                  
ffffffff  binit                         
000005d5  channel_1                     
0000060d  channel_2                     
00000645  channel_3                     
0000067d  channel_4                     
000006b5  channel_5                     
0000058b  channel_select                
20000304  cnt                           
00000000  g_pfnVectors                  
00000ea1  get_serial_in                 
20000305  i                             
200002c8  indata                        
00000529  io_init                       
20000306  j                             
200002fc  lower_threshold               
00001009  main                          
00000f6d  memcpy                        
200002eb  read_flag                     
20000307  read_index                    
0000031f  relay_1                       
00000359  relay_2                       
00000393  relay_3                       
000003cd  relay_4                       
00000407  relay_5                       
0000026d  relay_nit                     
000002cb  relay_select                  
00000ec7  sanitize_serial_in            
20000200  sanitize_serial_in_cfg        
000009bd  serial_comm_init              
20000264  serial_in_cfg                 
00000abb  serial_print                  
00000a3b  serial_read                   
00001453  strcmp                        
0000147f  strcpy                        
00001493  strlen                        
20000300  upper_threshold               


GLOBAL SYMBOLS: SORTED BY Symbol Address 

address   name                          
-------   ----                          
00000000  __TI_static_base__            
00000000  g_pfnVectors                  
00000200  __STACK_SIZE                  
0000026d  relay_nit                     
000002cb  relay_select                  
0000031f  relay_1                       
00000359  relay_2                       
00000393  relay_3                       
000003cd  relay_4                       
00000407  relay_5                       
00000529  io_init                       
0000058b  channel_select                
000005d5  channel_1                     
0000060d  channel_2                     
00000645  channel_3                     
0000067d  channel_4                     
000006b5  channel_5                     
0000077d  adc_init                      
000007db  adc_sample                    
00000807  adc_select                    
00000843  analog_1                      
0000086f  analog_2                      
0000089b  analog_3                      
000008c7  analog_4                      
000008f3  analog_relay                  
000009bd  serial_comm_init              
00000a3b  serial_read                   
00000abb  serial_print                  
00000b1b  UARTIntHandler                
00000b69  GPIOPadConfigSet              
00000c9d  SysCtlClockGet                
00000dad  SysCtlClockSet                
00000ea1  get_serial_in                 
00000ec7  sanitize_serial_in            
00000f6d  __aeabi_memcpy                
00000f6d  __aeabi_memcpy4               
00000f6d  __aeabi_memcpy8               
00000f6d  memcpy                        
00001009  main                          
00001091  ADCSequenceStepConfigure      
0000110d  IntEnable                     
00001175  __TI_decompress_lzss          
000011dd  ADCSequenceConfigure          
0000122d  GPIOPinConfigure              
00001275  UARTConfigSetExpClk           
000012bd  __TI_auto_init_nobinit_nopinit
00001301  _c_int00_noargs               
00001339  SysCtlPeripheralEnable        
0000136d  ADCIntStatus                  
0000139b  GPIODirModeSet                
000013c5  UARTDisable                   
000013e5  ResetISR                      
00001405  ADCSequenceDataGet            
00001423  ADCProcessorTrigger           
0000143b  GPIOPinTypeGPIOOutput         
00001453  strcmp                        
0000146b  UARTEnable                    
0000147f  strcpy                        
00001493  strlen                        
000014a7  GPIOPinTypeADC                
000014b9  GPIOPinTypeUART               
000014cb  __TI_zero_init_nomemset       
000014dd  IntMasterEnable               
000014ed  ADCSequenceEnable             
000014fb  UARTCharGetNonBlocking        
00001509  UARTCharPutNonBlocking        
00001517  UARTCharsAvail                
00001525  UARTSpaceAvail                
00001533  __TI_decompress_none          
00001541  CPUcpsie                      
0000154d  ADCIntClear                   
00001557  UARTCharPut                   
00001561  UARTFIFODisable               
0000156b  UARTIntStatus                 
00001575  UARTIntEnable                 
0000157d  GPIOPinWrite                  
00001583  SysCtlDelay                   
00001589  UARTIntClear                  
0000158d  _system_pre_init              
00001591  C$$EXIT                       
00001591  abort                         
00001700  __TI_Handler_Table_Base       
0000170c  __TI_Handler_Table_Limit      
00001720  __TI_CINIT_Base               
00001730  __TI_CINIT_Limit              
20000000  __stack                       
20000200  __STACK_END                   
20000200  __STACK_TOP                   
20000200  sanitize_serial_in_cfg        
20000264  serial_in_cfg                 
200002c8  indata                        
200002eb  read_flag                     
200002ec  adc_value                     
200002fc  lower_threshold               
20000300  upper_threshold               
20000304  cnt                           
20000305  i                             
20000306  j                             
20000307  read_index                    
ffffffff  __TI_pprof_out_hndl           
ffffffff  __TI_prof_data_size           
ffffffff  __TI_prof_data_start          
ffffffff  __binit__                     
ffffffff  __c_args__                    
ffffffff  binit                         
UNDEFED   __mpu_init                    
UNDEFED   _system_post_cinit            

[107 symbols]
